Archive member included to satisfy reference by file (symbol)

/Applications/STM32CubeIDE.app/Contents/Eclipse/plugins/com.st.stm32cube.ide.mcu.externaltools.gnu-tools-for-stm32.10.3-2021.10.macos64_1.0.200.202301161003/tools/bin/../lib/gcc/arm-none-eabi/10.3.1/../../../../arm-none-eabi/lib/thumb/v7e-m+fp/hard/libc_nano.a(lib_a-errno.o)
                              ./Core/Src/syscalls.o (__errno)
/Applications/STM32CubeIDE.app/Contents/Eclipse/plugins/com.st.stm32cube.ide.mcu.externaltools.gnu-tools-for-stm32.10.3-2021.10.macos64_1.0.200.202301161003/tools/bin/../lib/gcc/arm-none-eabi/10.3.1/../../../../arm-none-eabi/lib/thumb/v7e-m+fp/hard/libc_nano.a(lib_a-exit.o)
                              /Applications/STM32CubeIDE.app/Contents/Eclipse/plugins/com.st.stm32cube.ide.mcu.externaltools.gnu-tools-for-stm32.10.3-2021.10.macos64_1.0.200.202301161003/tools/bin/../lib/gcc/arm-none-eabi/10.3.1/../../../../arm-none-eabi/lib/thumb/v7e-m+fp/hard/crt0.o (exit)
/Applications/STM32CubeIDE.app/Contents/Eclipse/plugins/com.st.stm32cube.ide.mcu.externaltools.gnu-tools-for-stm32.10.3-2021.10.macos64_1.0.200.202301161003/tools/bin/../lib/gcc/arm-none-eabi/10.3.1/../../../../arm-none-eabi/lib/thumb/v7e-m+fp/hard/libc_nano.a(lib_a-impure.o)
                              /Applications/STM32CubeIDE.app/Contents/Eclipse/plugins/com.st.stm32cube.ide.mcu.externaltools.gnu-tools-for-stm32.10.3-2021.10.macos64_1.0.200.202301161003/tools/bin/../lib/gcc/arm-none-eabi/10.3.1/../../../../arm-none-eabi/lib/thumb/v7e-m+fp/hard/libc_nano.a(lib_a-exit.o) (_global_impure_ptr)
/Applications/STM32CubeIDE.app/Contents/Eclipse/plugins/com.st.stm32cube.ide.mcu.externaltools.gnu-tools-for-stm32.10.3-2021.10.macos64_1.0.200.202301161003/tools/bin/../lib/gcc/arm-none-eabi/10.3.1/../../../../arm-none-eabi/lib/thumb/v7e-m+fp/hard/libc_nano.a(lib_a-init.o)
                              /Applications/STM32CubeIDE.app/Contents/Eclipse/plugins/com.st.stm32cube.ide.mcu.externaltools.gnu-tools-for-stm32.10.3-2021.10.macos64_1.0.200.202301161003/tools/bin/../lib/gcc/arm-none-eabi/10.3.1/../../../../arm-none-eabi/lib/thumb/v7e-m+fp/hard/crt0.o (__libc_init_array)
/Applications/STM32CubeIDE.app/Contents/Eclipse/plugins/com.st.stm32cube.ide.mcu.externaltools.gnu-tools-for-stm32.10.3-2021.10.macos64_1.0.200.202301161003/tools/bin/../lib/gcc/arm-none-eabi/10.3.1/../../../../arm-none-eabi/lib/thumb/v7e-m+fp/hard/libc_nano.a(lib_a-memset.o)
                              /Applications/STM32CubeIDE.app/Contents/Eclipse/plugins/com.st.stm32cube.ide.mcu.externaltools.gnu-tools-for-stm32.10.3-2021.10.macos64_1.0.200.202301161003/tools/bin/../lib/gcc/arm-none-eabi/10.3.1/../../../../arm-none-eabi/lib/thumb/v7e-m+fp/hard/crt0.o (memset)

Discarded input sections

 .text          0x0000000000000000        0x0 /Applications/STM32CubeIDE.app/Contents/Eclipse/plugins/com.st.stm32cube.ide.mcu.externaltools.gnu-tools-for-stm32.10.3-2021.10.macos64_1.0.200.202301161003/tools/bin/../lib/gcc/arm-none-eabi/10.3.1/thumb/v7e-m+fp/hard/crti.o
 .data          0x0000000000000000        0x0 /Applications/STM32CubeIDE.app/Contents/Eclipse/plugins/com.st.stm32cube.ide.mcu.externaltools.gnu-tools-for-stm32.10.3-2021.10.macos64_1.0.200.202301161003/tools/bin/../lib/gcc/arm-none-eabi/10.3.1/thumb/v7e-m+fp/hard/crti.o
 .bss           0x0000000000000000        0x0 /Applications/STM32CubeIDE.app/Contents/Eclipse/plugins/com.st.stm32cube.ide.mcu.externaltools.gnu-tools-for-stm32.10.3-2021.10.macos64_1.0.200.202301161003/tools/bin/../lib/gcc/arm-none-eabi/10.3.1/thumb/v7e-m+fp/hard/crti.o
 .data          0x0000000000000000        0x4 /Applications/STM32CubeIDE.app/Contents/Eclipse/plugins/com.st.stm32cube.ide.mcu.externaltools.gnu-tools-for-stm32.10.3-2021.10.macos64_1.0.200.202301161003/tools/bin/../lib/gcc/arm-none-eabi/10.3.1/thumb/v7e-m+fp/hard/crtbegin.o
 .rodata        0x0000000000000000       0x24 /Applications/STM32CubeIDE.app/Contents/Eclipse/plugins/com.st.stm32cube.ide.mcu.externaltools.gnu-tools-for-stm32.10.3-2021.10.macos64_1.0.200.202301161003/tools/bin/../lib/gcc/arm-none-eabi/10.3.1/thumb/v7e-m+fp/hard/crtbegin.o
 .text          0x0000000000000000       0x7c /Applications/STM32CubeIDE.app/Contents/Eclipse/plugins/com.st.stm32cube.ide.mcu.externaltools.gnu-tools-for-stm32.10.3-2021.10.macos64_1.0.200.202301161003/tools/bin/../lib/gcc/arm-none-eabi/10.3.1/../../../../arm-none-eabi/lib/thumb/v7e-m+fp/hard/crt0.o
 .data          0x0000000000000000        0x0 /Applications/STM32CubeIDE.app/Contents/Eclipse/plugins/com.st.stm32cube.ide.mcu.externaltools.gnu-tools-for-stm32.10.3-2021.10.macos64_1.0.200.202301161003/tools/bin/../lib/gcc/arm-none-eabi/10.3.1/../../../../arm-none-eabi/lib/thumb/v7e-m+fp/hard/crt0.o
[...]
Memory Configuration

Name             Origin             Length             Attributes
CCMRAM           0x0000000010000000 0x0000000000002000 xrw
RAM              0x0000000020000000 0x000000000000a000 xrw
FLASH            0x0000000008000000 0x0000000000040000 xr
*default*        0x0000000000000000 0xffffffffffffffff

Linker script and memory map

LOAD /Applications/STM32CubeIDE.app/Contents/Eclipse/plugins/com.st.stm32cube.ide.mcu.externaltools.gnu-tools-for-stm32.10.3-2021.10.macos64_1.0.200.202301161003/tools/bin/../lib/gcc/arm-none-eabi/10.3.1/thumb/v7e-m+fp/hard/crti.o
LOAD /Applications/STM32CubeIDE.app/Contents/Eclipse/plugins/com.st.stm32cube.ide.mcu.externaltools.gnu-tools-for-stm32.10.3-2021.10.macos64_1.0.200.202301161003/tools/bin/../lib/gcc/arm-none-eabi/10.3.1/thumb/v7e-m+fp/hard/crtbegin.o
LOAD /Applications/STM32CubeIDE.app/Contents/Eclipse/plugins/com.st.stm32cube.ide.mcu.externaltools.gnu-tools-for-stm32.10.3-2021.10.macos64_1.0.200.202301161003/tools/bin/../lib/gcc/arm-none-eabi/10.3.1/../../../../arm-none-eabi/lib/thumb/v7e-m+fp/hard/crt0.o
LOAD ./Core/Src/main.o
LOAD ./Core/Src/stm32f3xx_hal_msp.o
LOAD ./Core/Src/stm32f3xx_it.o
LOAD ./Core/Src/syscalls.o
LOAD ./Core/Src/sysmem.o
LOAD ./Core/Src/system_stm32f3xx.o
LOAD ./Core/Startup/startup_stm32f303cctx.o
LOAD ./Drivers/STM32F3xx_HAL_Driver/Src/stm32f3xx_hal.o
LOAD ./Drivers/STM32F3xx_HAL_Driver/Src/stm32f3xx_hal_adc.o
LOAD ./Drivers/STM32F3xx_HAL_Driver/Src/stm32f3xx_hal_adc_ex.o
LOAD ./Drivers/STM32F3xx_HAL_Driver/Src/stm32f3xx_hal_cortex.o
LOAD ./Drivers/STM32F3xx_HAL_Driver/Src/stm32f3xx_hal_dma.o
LOAD ./Drivers/STM32F3xx_HAL_Driver/Src/stm32f3xx_hal_exti.o
LOAD ./Drivers/STM32F3xx_HAL_Driver/Src/stm32f3xx_hal_flash.o
LOAD ./Drivers/STM32F3xx_HAL_Driver/Src/stm32f3xx_hal_flash_ex.o
LOAD ./Drivers/STM32F3xx_HAL_Driver/Src/stm32f3xx_hal_gpio.o
LOAD ./Drivers/STM32F3xx_HAL_Driver/Src/stm32f3xx_hal_i2c.o
LOAD ./Drivers/STM32F3xx_HAL_Driver/Src/stm32f3xx_hal_i2c_ex.o
LOAD ./Drivers/STM32F3xx_HAL_Driver/Src/stm32f3xx_hal_pcd.o
LOAD ./Drivers/STM32F3xx_HAL_Driver/Src/stm32f3xx_hal_pcd_ex.o
LOAD ./Drivers/STM32F3xx_HAL_Driver/Src/stm32f3xx_hal_pwr.o
LOAD ./Drivers/STM32F3xx_HAL_Driver/Src/stm32f3xx_hal_pwr_ex.o
LOAD ./Drivers/STM32F3xx_HAL_Driver/Src/stm32f3xx_hal_rcc.o
LOAD ./Drivers/STM32F3xx_HAL_Driver/Src/stm32f3xx_hal_rcc_ex.o
LOAD ./Drivers/STM32F3xx_HAL_Driver/Src/stm32f3xx_hal_tim.o
LOAD ./Drivers/STM32F3xx_HAL_Driver/Src/stm32f3xx_hal_tim_ex.o
LOAD ./Drivers/STM32F3xx_HAL_Driver/Src/stm32f3xx_ll_usb.o
LOAD ./Middlewares/ST/STM32_USB_Device_Library/Class/CDC/Src/usbd_cdc.o
LOAD ./Middlewares/ST/STM32_USB_Device_Library/Core/Src/usbd_core.o
LOAD ./Middlewares/ST/STM32_USB_Device_Library/Core/Src/usbd_ctlreq.o
LOAD ./Middlewares/ST/STM32_USB_Device_Library/Core/Src/usbd_ioreq.o
LOAD ./USB_DEVICE/App/usb_device.o
LOAD ./USB_DEVICE/App/usbd_cdc_if.o
LOAD ./USB_DEVICE/App/usbd_desc.o
LOAD ./USB_DEVICE/Target/usbd_conf.o
START GROUP
LOAD /Applications/STM32CubeIDE.app/Contents/Eclipse/plugins/com.st.stm32cube.ide.mcu.externaltools.gnu-tools-for-stm32.10.3-2021.10.macos64_1.0.200.202301161003/tools/bin/../lib/gcc/arm-none-eabi/10.3.1/../../../../arm-none-eabi/lib/thumb/v7e-m+fp/hard/libc_nano.a
LOAD /Applications/STM32CubeIDE.app/Contents/Eclipse/plugins/com.st.stm32cube.ide.mcu.externaltools.gnu-tools-for-stm32.10.3-2021.10.macos64_1.0.200.202301161003/tools/bin/../lib/gcc/arm-none-eabi/10.3.1/../../../../arm-none-eabi/lib/thumb/v7e-m+fp/hard/libm.a
END GROUP
START GROUP
LOAD /Applications/STM32CubeIDE.app/Contents/Eclipse/plugins/com.st.stm32cube.ide.mcu.externaltools.gnu-tools-for-stm32.10.3-2021.10.macos64_1.0.200.202301161003/tools/bin/../lib/gcc/arm-none-eabi/10.3.1/thumb/v7e-m+fp/hard/libgcc.a
LOAD /Applications/STM32CubeIDE.app/Contents/Eclipse/plugins/com.st.stm32cube.ide.mcu.externaltools.gnu-tools-for-stm32.10.3-2021.10.macos64_1.0.200.202301161003/tools/bin/../lib/gcc/arm-none-eabi/10.3.1/../../../../arm-none-eabi/lib/thumb/v7e-m+fp/hard/libc_nano.a
END GROUP
START GROUP
LOAD /Applications/STM32CubeIDE.app/Contents/Eclipse/plugins/com.st.stm32cube.ide.mcu.externaltools.gnu-tools-for-stm32.10.3-2021.10.macos64_1.0.200.202301161003/tools/bin/../lib/gcc/arm-none-eabi/10.3.1/thumb/v7e-m+fp/hard/libgcc.a
LOAD /Applications/STM32CubeIDE.app/Contents/Eclipse/plugins/com.st.stm32cube.ide.mcu.externaltools.gnu-tools-for-stm32.10.3-2021.10.macos64_1.0.200.202301161003/tools/bin/../lib/gcc/arm-none-eabi/10.3.1/../../../../arm-none-eabi/lib/thumb/v7e-m+fp/hard/libc_nano.a
LOAD /Applications/STM32CubeIDE.app/Contents/Eclipse/plugins/com.st.stm32cube.ide.mcu.externaltools.gnu-tools-for-stm32.10.3-2021.10.macos64_1.0.200.202301161003/tools/bin/../lib/gcc/arm-none-eabi/10.3.1/../../../../arm-none-eabi/lib/thumb/v7e-m+fp/hard/libnosys.a
END GROUP
START GROUP
LOAD /Applications/STM32CubeIDE.app/Contents/Eclipse/plugins/com.st.stm32cube.ide.mcu.externaltools.gnu-tools-for-stm32.10.3-2021.10.macos64_1.0.200.202301161003/tools/bin/../lib/gcc/arm-none-eabi/10.3.1/thumb/v7e-m+fp/hard/libgcc.a
LOAD /Applications/STM32CubeIDE.app/Contents/Eclipse/plugins/com.st.stm32cube.ide.mcu.externaltools.gnu-tools-for-stm32.10.3-2021.10.macos64_1.0.200.202301161003/tools/bin/../lib/gcc/arm-none-eabi/10.3.1/../../../../arm-none-eabi/lib/thumb/v7e-m+fp/hard/libc_nano.a
LOAD /Applications/STM32CubeIDE.app/Contents/Eclipse/plugins/com.st.stm32cube.ide.mcu.externaltools.gnu-tools-for-stm32.10.3-2021.10.macos64_1.0.200.202301161003/tools/bin/../lib/gcc/arm-none-eabi/10.3.1/../../../../arm-none-eabi/lib/thumb/v7e-m+fp/hard/libnosys.a
END GROUP
LOAD /Applications/STM32CubeIDE.app/Contents/Eclipse/plugins/com.st.stm32cube.ide.mcu.externaltools.gnu-tools-for-stm32.10.3-2021.10.macos64_1.0.200.202301161003/tools/bin/../lib/gcc/arm-none-eabi/10.3.1/thumb/v7e-m+fp/hard/crtend.o
LOAD /Applications/STM32CubeIDE.app/Contents/Eclipse/plugins/com.st.stm32cube.ide.mcu.externaltools.gnu-tools-for-stm32.10.3-2021.10.macos64_1.0.200.202301161003/tools/bin/../lib/gcc/arm-none-eabi/10.3.1/thumb/v7e-m+fp/hard/crtn.o
                0x000000002000a000                _estack = (ORIGIN (RAM) + LENGTH (RAM))
                0x0000000000000200                _Min_Heap_Size = 0x200
                0x0000000000000400                _Min_Stack_Size = 0x400

.isr_vector     0x0000000008000000      0x188
                0x0000000008000000                . = ALIGN (0x4)
 *(.isr_vector)
 .isr_vector    0x0000000008000000      0x188 ./Core/Startup/startup_stm32f303cctx.o
                0x0000000008000000                g_pfnVectors
                0x0000000008000188                . = ALIGN (0x4)

.text           0x0000000008000188     0xb998
                0x0000000008000188                . = ALIGN (0x4)
 *(.text)
 .text          0x0000000008000188       0x40 /Applications/STM32CubeIDE.app/Contents/Eclipse/plugins/com.st.stm32cube.ide.mcu.externaltools.gnu-tools-for-stm32.10.3-2021.10.macos64_1.0.200.202301161003/tools/bin/../lib/gcc/arm-none-eabi/10.3.1/thumb/v7e-m+fp/hard/crtbegin.o
 *(.text*)
 .text.main     0x00000000080001c8       0x48 ./Core/Src/main.o
                0x00000000080001c8                main
 .text.SystemClock_Config
                0x0000000008000210       0xb8 ./Core/Src/main.o
                0x0000000008000210                SystemClock_Config
 .text.MX_ADC1_Init
                0x00000000080002c8       0xfc ./Core/Src/main.o
 .text.MX_ADC2_Init
                0x00000000080003c4       0xd8 ./Core/Src/main.o
 .text.MX_ADC3_Init
                0x000000000800049c       0xe4 ./Core/Src/main.o
 .text.MX_ADC4_Init
                0x0000000008000580       0xd8 ./Core/Src/main.o
 .text.MX_TIM2_Init
                0x0000000008000658       0xfc ./Core/Src/main.o
 .text.MX_DMA_Init
                0x0000000008000754       0x84 ./Core/Src/main.o
 .text.MX_GPIO_Init
                0x00000000080007d8       0xc4 ./Core/Src/main.o
 .text.HAL_ADC_ConvCpltCallback
                0x000000000800089c      0x128 ./Core/Src/main.o
                0x000000000800089c                HAL_ADC_ConvCpltCallback
 .text.enable_Arm
                0x00000000080009c4       0x24 ./Core/Src/main.o
                0x00000000080009c4                enable_Arm
 .text.enable_Drive
                0x00000000080009e8       0x24 ./Core/Src/main.o
                0x00000000080009e8                enable_Drive
 .text.Error_Handler
                0x0000000008000a0c        0xa ./Core/Src/main.o
                0x0000000008000a0c                Error_Handler
 *fill*         0x0000000008000a16        0x2 
 .text.HAL_MspInit
                0x0000000008000a18       0x48 ./Core/Src/stm32f3xx_hal_msp.o
                0x0000000008000a18                HAL_MspInit
 .text.HAL_ADC_MspInit
                0x0000000008000a60      0x388 ./Core/Src/stm32f3xx_hal_msp.o
                0x0000000008000a60                HAL_ADC_MspInit
 .text.HAL_TIM_Base_MspInit
                0x0000000008000de8       0x48 ./Core/Src/stm32f3xx_hal_msp.o
                0x0000000008000de8                HAL_TIM_Base_MspInit
 .text.HAL_TIM_MspPostInit
                0x0000000008000e30       0x68 ./Core/Src/stm32f3xx_hal_msp.o
                0x0000000008000e30                HAL_TIM_MspPostInit
 .text.NMI_Handler
                0x0000000008000e98        0x6 ./Core/Src/stm32f3xx_it.o
                0x0000000008000e98                NMI_Handler
 .text.HardFault_Handler
                0x0000000008000e9e        0x6 ./Core/Src/stm32f3xx_it.o
                0x0000000008000e9e                HardFault_Handler
 .text.MemManage_Handler
                0x0000000008000ea4        0x6 ./Core/Src/stm32f3xx_it.o
                0x0000000008000ea4                MemManage_Handler
 .text.BusFault_Handler
                0x0000000008000eaa        0x6 ./Core/Src/stm32f3xx_it.o
                0x0000000008000eaa                BusFault_Handler
 .text.UsageFault_Handler
                0x0000000008000eb0        0x6 ./Core/Src/stm32f3xx_it.o
                0x0000000008000eb0                UsageFault_Handler
 .text.SVC_Handler
                0x0000000008000eb6        0xe ./Core/Src/stm32f3xx_it.o
                0x0000000008000eb6                SVC_Handler
 .text.DebugMon_Handler
                0x0000000008000ec4        0xe ./Core/Src/stm32f3xx_it.o
                0x0000000008000ec4                DebugMon_Handler
 .text.PendSV_Handler
                0x0000000008000ed2        0xe ./Core/Src/stm32f3xx_it.o
                0x0000000008000ed2                PendSV_Handler
 .text.SysTick_Handler
                0x0000000008000ee0        0xc ./Core/Src/stm32f3xx_it.o
                0x0000000008000ee0                SysTick_Handler
 .text.DMA1_Channel1_IRQHandler
                0x0000000008000eec       0x14 ./Core/Src/stm32f3xx_it.o
                0x0000000008000eec                DMA1_Channel1_IRQHandler
 .text.ADC1_2_IRQHandler
                0x0000000008000f00       0x1c ./Core/Src/stm32f3xx_it.o
                0x0000000008000f00                ADC1_2_IRQHandler
 .text.USB_LP_CAN_RX0_IRQHandler
                0x0000000008000f1c       0x14 ./Core/Src/stm32f3xx_it.o
                0x0000000008000f1c                USB_LP_CAN_RX0_IRQHandler
 .text.TIM2_IRQHandler
                0x0000000008000f30       0x14 ./Core/Src/stm32f3xx_it.o
                0x0000000008000f30                TIM2_IRQHandler
 .text.ADC3_IRQHandler
                0x0000000008000f44       0x14 ./Core/Src/stm32f3xx_it.o
                0x0000000008000f44                ADC3_IRQHandler
 .text.DMA2_Channel1_IRQHandler
                0x0000000008000f58       0x14 ./Core/Src/stm32f3xx_it.o
                0x0000000008000f58                DMA2_Channel1_IRQHandler
 .text.DMA2_Channel2_IRQHandler
                0x0000000008000f6c       0x14 ./Core/Src/stm32f3xx_it.o
                0x0000000008000f6c                DMA2_Channel2_IRQHandler
 .text.DMA2_Channel5_IRQHandler
                0x0000000008000f80       0x14 ./Core/Src/stm32f3xx_it.o
                0x0000000008000f80                DMA2_Channel5_IRQHandler
 .text.ADC4_IRQHandler
                0x0000000008000f94       0x14 ./Core/Src/stm32f3xx_it.o
                0x0000000008000f94                ADC4_IRQHandler
 .text.SystemInit
                0x0000000008000fa8       0x24 ./Core/Src/system_stm32f3xx.o
                0x0000000008000fa8                SystemInit
 .text.Reset_Handler
                0x0000000008000fcc       0x50 ./Core/Startup/startup_stm32f303cctx.o
                0x0000000008000fcc                Reset_Handler
 .text.Default_Handler
                0x000000000800101c        0x2 ./Core/Startup/startup_stm32f303cctx.o
                0x000000000800101c                TIM1_BRK_TIM15_IRQHandler
                0x000000000800101c                TIM8_TRG_COM_IRQHandler
                0x000000000800101c                TIM8_CC_IRQHandler
                0x000000000800101c                TIM1_CC_IRQHandler
                0x000000000800101c                USB_HP_IRQHandler
                0x000000000800101c                PVD_IRQHandler
                0x000000000800101c                TAMP_STAMP_IRQHandler
                0x000000000800101c                EXTI3_IRQHandler
                0x000000000800101c                USB_HP_CAN_TX_IRQHandler
                0x000000000800101c                EXTI0_IRQHandler
                0x000000000800101c                I2C2_EV_IRQHandler
                0x000000000800101c                FPU_IRQHandler
                0x000000000800101c                TIM1_UP_TIM16_IRQHandler
                0x000000000800101c                SPI1_IRQHandler
                0x000000000800101c                CAN_SCE_IRQHandler
                0x000000000800101c                TIM6_DAC_IRQHandler
                0x000000000800101c                TIM8_UP_IRQHandler
                0x000000000800101c                DMA1_Channel4_IRQHandler
                0x000000000800101c                USART3_IRQHandler
                0x000000000800101c                DMA1_Channel7_IRQHandler
                0x000000000800101c                UART5_IRQHandler
                0x000000000800101c                TIM4_IRQHandler
                0x000000000800101c                CAN_RX1_IRQHandler
                0x000000000800101c                I2C1_EV_IRQHandler
                0x000000000800101c                DMA1_Channel6_IRQHandler
                0x000000000800101c                UART4_IRQHandler
                0x000000000800101c                DMA2_Channel4_IRQHandler
                0x000000000800101c                TIM3_IRQHandler
                0x000000000800101c                RCC_IRQHandler
                0x000000000800101c                Default_Handler
                0x000000000800101c                USBWakeUp_RMP_IRQHandler
                0x000000000800101c                EXTI15_10_IRQHandler
                0x000000000800101c                TIM7_IRQHandler
                0x000000000800101c                EXTI9_5_IRQHandler
                0x000000000800101c                RTC_WKUP_IRQHandler
                0x000000000800101c                SPI2_IRQHandler
                0x000000000800101c                DMA1_Channel5_IRQHandler
                0x000000000800101c                USB_LP_IRQHandler
                0x000000000800101c                EXTI4_IRQHandler
                0x000000000800101c                TIM1_TRG_COM_TIM17_IRQHandler
                0x000000000800101c                DMA1_Channel3_IRQHandler
                0x000000000800101c                WWDG_IRQHandler
                0x000000000800101c                COMP7_IRQHandler
                0x000000000800101c                COMP1_2_3_IRQHandler
                0x000000000800101c                EXTI1_IRQHandler
                0x000000000800101c                USART2_IRQHandler
                0x000000000800101c                COMP4_5_6_IRQHandler
                0x000000000800101c                I2C2_ER_IRQHandler
                0x000000000800101c                DMA1_Channel2_IRQHandler
                0x000000000800101c                TIM8_BRK_IRQHandler
                0x000000000800101c                FLASH_IRQHandler
                0x000000000800101c                USART1_IRQHandler
                0x000000000800101c                SPI3_IRQHandler
                0x000000000800101c                I2C1_ER_IRQHandler
                0x000000000800101c                USBWakeUp_IRQHandler
                0x000000000800101c                DMA2_Channel3_IRQHandler
                0x000000000800101c                EXTI2_TSC_IRQHandler
                0x000000000800101c                RTC_Alarm_IRQHandler
 *fill*         0x000000000800101e        0x2 
 .text.HAL_Init
                0x0000000008001020       0x2c ./Drivers/STM32F3xx_HAL_Driver/Src/stm32f3xx_hal.o
                0x0000000008001020                HAL_Init
 .text.HAL_InitTick
                0x000000000800104c       0x60 ./Drivers/STM32F3xx_HAL_Driver/Src/stm32f3xx_hal.o
                0x000000000800104c                HAL_InitTick
 .text.HAL_IncTick
                0x00000000080010ac       0x28 ./Drivers/STM32F3xx_HAL_Driver/Src/stm32f3xx_hal.o
                0x00000000080010ac                HAL_IncTick
 .text.HAL_GetTick
                0x00000000080010d4       0x18 ./Drivers/STM32F3xx_HAL_Driver/Src/stm32f3xx_hal.o
                0x00000000080010d4                HAL_GetTick
 .text.HAL_ADC_ConvHalfCpltCallback
                0x00000000080010ec       0x14 ./Drivers/STM32F3xx_HAL_Driver/Src/stm32f3xx_hal_adc.o
                0x00000000080010ec                HAL_ADC_ConvHalfCpltCallback
 .text.HAL_ADC_LevelOutOfWindowCallback
                0x0000000008001100       0x14 ./Drivers/STM32F3xx_HAL_Driver/Src/stm32f3xx_hal_adc.o
                0x0000000008001100                HAL_ADC_LevelOutOfWindowCallback
 .text.HAL_ADC_ErrorCallback
                0x0000000008001114       0x14 ./Drivers/STM32F3xx_HAL_Driver/Src/stm32f3xx_hal_adc.o
                0x0000000008001114                HAL_ADC_ErrorCallback
 .text.HAL_ADC_Init
                0x0000000008001128      0x3c0 ./Drivers/STM32F3xx_HAL_Driver/Src/stm32f3xx_hal_adc_ex.o
                0x0000000008001128                HAL_ADC_Init
 .text.HAL_ADC_Start_DMA
                0x00000000080014e8      0x238 ./Drivers/STM32F3xx_HAL_Driver/Src/stm32f3xx_hal_adc_ex.o
                0x00000000080014e8                HAL_ADC_Start_DMA
 .text.HAL_ADC_Stop_DMA
                0x0000000008001720       0xc4 ./Drivers/STM32F3xx_HAL_Driver/Src/stm32f3xx_hal_adc_ex.o
                0x0000000008001720                HAL_ADC_Stop_DMA
 .text.HAL_ADC_IRQHandler
                0x00000000080017e4      0x5cc ./Drivers/STM32F3xx_HAL_Driver/Src/stm32f3xx_hal_adc_ex.o
                0x00000000080017e4                HAL_ADC_IRQHandler
 .text.HAL_ADCEx_InjectedConvCpltCallback
                0x0000000008001db0       0x14 ./Drivers/STM32F3xx_HAL_Driver/Src/stm32f3xx_hal_adc_ex.o
                0x0000000008001db0                HAL_ADCEx_InjectedConvCpltCallback
 .text.HAL_ADCEx_InjectedQueueOverflowCallback
                0x0000000008001dc4       0x14 ./Drivers/STM32F3xx_HAL_Driver/Src/stm32f3xx_hal_adc_ex.o
                0x0000000008001dc4                HAL_ADCEx_InjectedQueueOverflowCallback
 .text.HAL_ADCEx_LevelOutOfWindow2Callback
                0x0000000008001dd8       0x14 ./Drivers/STM32F3xx_HAL_Driver/Src/stm32f3xx_hal_adc_ex.o
                0x0000000008001dd8                HAL_ADCEx_LevelOutOfWindow2Callback
 .text.HAL_ADCEx_LevelOutOfWindow3Callback
                0x0000000008001dec       0x14 ./Drivers/STM32F3xx_HAL_Driver/Src/stm32f3xx_hal_adc_ex.o
                0x0000000008001dec                HAL_ADCEx_LevelOutOfWindow3Callback
 .text.HAL_ADC_ConfigChannel
                0x0000000008001e00      0x5d8 ./Drivers/STM32F3xx_HAL_Driver/Src/stm32f3xx_hal_adc_ex.o
                0x0000000008001e00                HAL_ADC_ConfigChannel
 .text.HAL_ADCEx_MultiModeConfigChannel
                0x00000000080023d8      0x1e4 ./Drivers/STM32F3xx_HAL_Driver/Src/stm32f3xx_hal_adc_ex.o
                0x00000000080023d8                HAL_ADCEx_MultiModeConfigChannel
 .text.ADC_DMAConvCplt
                0x00000000080025bc       0x7a ./Drivers/STM32F3xx_HAL_Driver/Src/stm32f3xx_hal_adc_ex.o
 .text.ADC_DMAHalfConvCplt
                0x0000000008002636       0x1c ./Drivers/STM32F3xx_HAL_Driver/Src/stm32f3xx_hal_adc_ex.o
 .text.ADC_DMAError
                0x0000000008002652       0x34 ./Drivers/STM32F3xx_HAL_Driver/Src/stm32f3xx_hal_adc_ex.o
 *fill*         0x0000000008002686        0x2 
 .text.ADC_Enable
                0x0000000008002688       0xc8 ./Drivers/STM32F3xx_HAL_Driver/Src/stm32f3xx_hal_adc_ex.o
 .text.ADC_Disable
                0x0000000008002750       0xcc ./Drivers/STM32F3xx_HAL_Driver/Src/stm32f3xx_hal_adc_ex.o
 .text.ADC_ConversionStop
                0x000000000800281c      0x16c ./Drivers/STM32F3xx_HAL_Driver/Src/stm32f3xx_hal_adc_ex.o
 .text.__NVIC_SetPriorityGrouping
                0x0000000008002988       0x48 ./Drivers/STM32F3xx_HAL_Driver/Src/stm32f3xx_hal_cortex.o
 .text.__NVIC_GetPriorityGrouping
                0x00000000080029d0       0x1c ./Drivers/STM32F3xx_HAL_Driver/Src/stm32f3xx_hal_cortex.o
 .text.__NVIC_EnableIRQ
                0x00000000080029ec       0x3c ./Drivers/STM32F3xx_HAL_Driver/Src/stm32f3xx_hal_cortex.o
 .text.__NVIC_SetPriority
                0x0000000008002a28       0x54 ./Drivers/STM32F3xx_HAL_Driver/Src/stm32f3xx_hal_cortex.o
 .text.NVIC_EncodePriority
                0x0000000008002a7c       0x66 ./Drivers/STM32F3xx_HAL_Driver/Src/stm32f3xx_hal_cortex.o
 *fill*         0x0000000008002ae2        0x2 
 .text.SysTick_Config
                0x0000000008002ae4       0x44 ./Drivers/STM32F3xx_HAL_Driver/Src/stm32f3xx_hal_cortex.o
 .text.HAL_NVIC_SetPriorityGrouping
                0x0000000008002b28       0x16 ./Drivers/STM32F3xx_HAL_Driver/Src/stm32f3xx_hal_cortex.o
                0x0000000008002b28                HAL_NVIC_SetPriorityGrouping
 .text.HAL_NVIC_SetPriority
                0x0000000008002b3e       0x38 ./Drivers/STM32F3xx_HAL_Driver/Src/stm32f3xx_hal_cortex.o
                0x0000000008002b3e                HAL_NVIC_SetPriority
 .text.HAL_NVIC_EnableIRQ
                0x0000000008002b76       0x1c ./Drivers/STM32F3xx_HAL_Driver/Src/stm32f3xx_hal_cortex.o
                0x0000000008002b76                HAL_NVIC_EnableIRQ
 .text.HAL_SYSTICK_Config
                0x0000000008002b92       0x18 ./Drivers/STM32F3xx_HAL_Driver/Src/stm32f3xx_hal_cortex.o
                0x0000000008002b92                HAL_SYSTICK_Config
 .text.HAL_DMA_Init
                0x0000000008002baa       0x8e ./Drivers/STM32F3xx_HAL_Driver/Src/stm32f3xx_hal_dma.o
                0x0000000008002baa                HAL_DMA_Init
 .text.HAL_DMA_Start_IT
                0x0000000008002c38       0xbe ./Drivers/STM32F3xx_HAL_Driver/Src/stm32f3xx_hal_dma.o
                0x0000000008002c38                HAL_DMA_Start_IT
 .text.HAL_DMA_Abort
                0x0000000008002cf6       0x72 ./Drivers/STM32F3xx_HAL_Driver/Src/stm32f3xx_hal_dma.o
                0x0000000008002cf6                HAL_DMA_Abort
 .text.HAL_DMA_IRQHandler
                0x0000000008002d68      0x146 ./Drivers/STM32F3xx_HAL_Driver/Src/stm32f3xx_hal_dma.o
                0x0000000008002d68                HAL_DMA_IRQHandler
 .text.DMA_SetConfig
                0x0000000008002eae       0x5c ./Drivers/STM32F3xx_HAL_Driver/Src/stm32f3xx_hal_dma.o
 *fill*         0x0000000008002f0a        0x2 
 .text.DMA_CalcBaseAndBitshift
                0x0000000008002f0c       0x78 ./Drivers/STM32F3xx_HAL_Driver/Src/stm32f3xx_hal_dma.o
 .text.HAL_GPIO_Init
                0x0000000008002f84      0x2f4 ./Drivers/STM32F3xx_HAL_Driver/Src/stm32f3xx_hal_gpio.o
                0x0000000008002f84                HAL_GPIO_Init
 .text.HAL_GPIO_WritePin
                0x0000000008003278       0x30 ./Drivers/STM32F3xx_HAL_Driver/Src/stm32f3xx_hal_gpio.o
                0x0000000008003278                HAL_GPIO_WritePin
 .text.HAL_PCD_Init
                0x00000000080032a8      0x1a4 ./Drivers/STM32F3xx_HAL_Driver/Src/stm32f3xx_hal_pcd.o
                0x00000000080032a8                HAL_PCD_Init
 .text.HAL_PCD_Start
                0x000000000800344c       0x4c ./Drivers/STM32F3xx_HAL_Driver/Src/stm32f3xx_hal_pcd.o
                0x000000000800344c                HAL_PCD_Start
 .text.HAL_PCD_IRQHandler
                0x0000000008003498      0x1a8 ./Drivers/STM32F3xx_HAL_Driver/Src/stm32f3xx_hal_pcd.o
                0x0000000008003498                HAL_PCD_IRQHandler
 .text.HAL_PCD_SetAddress
                0x0000000008003640       0x4a ./Drivers/STM32F3xx_HAL_Driver/Src/stm32f3xx_hal_pcd.o
                0x0000000008003640                HAL_PCD_SetAddress
 .text.HAL_PCD_EP_Open
                0x000000000800368a       0xba ./Drivers/STM32F3xx_HAL_Driver/Src/stm32f3xx_hal_pcd.o
                0x000000000800368a                HAL_PCD_EP_Open
 .text.HAL_PCD_EP_Close
                0x0000000008003744       0x90 ./Drivers/STM32F3xx_HAL_Driver/Src/stm32f3xx_hal_pcd.o
                0x0000000008003744                HAL_PCD_EP_Close
 .text.HAL_PCD_EP_Receive
                0x00000000080037d4       0x62 ./Drivers/STM32F3xx_HAL_Driver/Src/stm32f3xx_hal_pcd.o
                0x00000000080037d4                HAL_PCD_EP_Receive
 .text.HAL_PCD_EP_GetRxCount
                0x0000000008003836       0x30 ./Drivers/STM32F3xx_HAL_Driver/Src/stm32f3xx_hal_pcd.o
                0x0000000008003836                HAL_PCD_EP_GetRxCount
 .text.HAL_PCD_EP_Transmit
                0x0000000008003866       0x6e ./Drivers/STM32F3xx_HAL_Driver/Src/stm32f3xx_hal_pcd.o
                0x0000000008003866                HAL_PCD_EP_Transmit
 .text.HAL_PCD_EP_SetStall
                0x00000000080038d4       0xa4 ./Drivers/STM32F3xx_HAL_Driver/Src/stm32f3xx_hal_pcd.o
                0x00000000080038d4                HAL_PCD_EP_SetStall
 .text.HAL_PCD_EP_ClrStall
                0x0000000008003978       0xa8 ./Drivers/STM32F3xx_HAL_Driver/Src/stm32f3xx_hal_pcd.o
                0x0000000008003978                HAL_PCD_EP_ClrStall
 .text.PCD_EP_ISR_Handler
                0x0000000008003a20      0x7a6 ./Drivers/STM32F3xx_HAL_Driver/Src/stm32f3xx_hal_pcd.o
 .text.HAL_PCD_EP_DB_Receive
                0x00000000080041c6      0x21a ./Drivers/STM32F3xx_HAL_Driver/Src/stm32f3xx_hal_pcd.o
 .text.HAL_PCD_EP_DB_Transmit
                0x00000000080043e0      0x7f4 ./Drivers/STM32F3xx_HAL_Driver/Src/stm32f3xx_hal_pcd.o
 .text.HAL_PCDEx_PMAConfig
                0x0000000008004bd4       0x86 ./Drivers/STM32F3xx_HAL_Driver/Src/stm32f3xx_hal_pcd_ex.o
                0x0000000008004bd4                HAL_PCDEx_PMAConfig
 *fill*         0x0000000008004c5a        0x2 
 .text.HAL_RCC_OscConfig
                0x0000000008004c5c     0x107c ./Drivers/STM32F3xx_HAL_Driver/Src/stm32f3xx_hal_rcc.o
                0x0000000008004c5c                HAL_RCC_OscConfig
 .text.HAL_RCC_ClockConfig
                0x0000000008005cd8      0x2f8 ./Drivers/STM32F3xx_HAL_Driver/Src/stm32f3xx_hal_rcc.o
                0x0000000008005cd8                HAL_RCC_ClockConfig
 .text.HAL_RCC_GetSysClockFreq
                0x0000000008005fd0       0xd8 ./Drivers/STM32F3xx_HAL_Driver/Src/stm32f3xx_hal_rcc.o
                0x0000000008005fd0                HAL_RCC_GetSysClockFreq
 .text.HAL_RCCEx_PeriphCLKConfig
                0x00000000080060a8      0x360 ./Drivers/STM32F3xx_HAL_Driver/Src/stm32f3xx_hal_rcc_ex.o
                0x00000000080060a8                HAL_RCCEx_PeriphCLKConfig
 .text.HAL_TIM_Base_Init
                0x0000000008006408       0xae ./Drivers/STM32F3xx_HAL_Driver/Src/stm32f3xx_hal_tim.o
                0x0000000008006408                HAL_TIM_Base_Init
 .text.HAL_TIM_OC_Init
                0x00000000080064b6       0xae ./Drivers/STM32F3xx_HAL_Driver/Src/stm32f3xx_hal_tim.o
                0x00000000080064b6                HAL_TIM_OC_Init
 .text.HAL_TIM_OC_MspInit
                0x0000000008006564       0x14 ./Drivers/STM32F3xx_HAL_Driver/Src/stm32f3xx_hal_tim.o
                0x0000000008006564                HAL_TIM_OC_MspInit
 .text.HAL_TIM_IRQHandler
                0x0000000008006578      0x23e ./Drivers/STM32F3xx_HAL_Driver/Src/stm32f3xx_hal_tim.o
                0x0000000008006578                HAL_TIM_IRQHandler
 *fill*         0x00000000080067b6        0x2 
 .text.HAL_TIM_OC_ConfigChannel
                0x00000000080067b8       0xf4 ./Drivers/STM32F3xx_HAL_Driver/Src/stm32f3xx_hal_tim.o
                0x00000000080067b8                HAL_TIM_OC_ConfigChannel
 .text.HAL_TIM_ConfigClockSource
                0x00000000080068ac      0x192 ./Drivers/STM32F3xx_HAL_Driver/Src/stm32f3xx_hal_tim.o
                0x00000000080068ac                HAL_TIM_ConfigClockSource
 .text.HAL_TIM_PeriodElapsedCallback
                0x0000000008006a3e       0x14 ./Drivers/STM32F3xx_HAL_Driver/Src/stm32f3xx_hal_tim.o
                0x0000000008006a3e                HAL_TIM_PeriodElapsedCallback
 .text.HAL_TIM_OC_DelayElapsedCallback
                0x0000000008006a52       0x14 ./Drivers/STM32F3xx_HAL_Driver/Src/stm32f3xx_hal_tim.o
                0x0000000008006a52                HAL_TIM_OC_DelayElapsedCallback
 .text.HAL_TIM_IC_CaptureCallback
                0x0000000008006a66       0x14 ./Drivers/STM32F3xx_HAL_Driver/Src/stm32f3xx_hal_tim.o
                0x0000000008006a66                HAL_TIM_IC_CaptureCallback
 .text.HAL_TIM_PWM_PulseFinishedCallback
                0x0000000008006a7a       0x14 ./Drivers/STM32F3xx_HAL_Driver/Src/stm32f3xx_hal_tim.o
                0x0000000008006a7a                HAL_TIM_PWM_PulseFinishedCallback
 .text.HAL_TIM_TriggerCallback
                0x0000000008006a8e       0x14 ./Drivers/STM32F3xx_HAL_Driver/Src/stm32f3xx_hal_tim.o
                0x0000000008006a8e                HAL_TIM_TriggerCallback
 *fill*         0x0000000008006aa2        0x2 
 .text.TIM_Base_SetConfig
                0x0000000008006aa4      0x120 ./Drivers/STM32F3xx_HAL_Driver/Src/stm32f3xx_hal_tim.o
                0x0000000008006aa4                TIM_Base_SetConfig
 .text.TIM_OC1_SetConfig
                0x0000000008006bc4      0x120 ./Drivers/STM32F3xx_HAL_Driver/Src/stm32f3xx_hal_tim.o
 .text.TIM_OC2_SetConfig
                0x0000000008006ce4      0x114 ./Drivers/STM32F3xx_HAL_Driver/Src/stm32f3xx_hal_tim.o
                0x0000000008006ce4                TIM_OC2_SetConfig
 .text.TIM_OC3_SetConfig
                0x0000000008006df8      0x110 ./Drivers/STM32F3xx_HAL_Driver/Src/stm32f3xx_hal_tim.o
 .text.TIM_OC4_SetConfig
                0x0000000008006f08       0xd4 ./Drivers/STM32F3xx_HAL_Driver/Src/stm32f3xx_hal_tim.o
 .text.TIM_OC5_SetConfig
                0x0000000008006fdc       0xc8 ./Drivers/STM32F3xx_HAL_Driver/Src/stm32f3xx_hal_tim.o
 .text.TIM_OC6_SetConfig
                0x00000000080070a4       0xcc ./Drivers/STM32F3xx_HAL_Driver/Src/stm32f3xx_hal_tim.o
 .text.TIM_TI1_ConfigInputStage
                0x0000000008007170       0x5e ./Drivers/STM32F3xx_HAL_Driver/Src/stm32f3xx_hal_tim.o
 .text.TIM_TI2_ConfigInputStage
                0x00000000080071ce       0x60 ./Drivers/STM32F3xx_HAL_Driver/Src/stm32f3xx_hal_tim.o
 .text.TIM_ITRx_SetConfig
                0x000000000800722e       0x36 ./Drivers/STM32F3xx_HAL_Driver/Src/stm32f3xx_hal_tim.o
 .text.TIM_ETR_SetConfig
                0x0000000008007264       0x40 ./Drivers/STM32F3xx_HAL_Driver/Src/stm32f3xx_hal_tim.o
                0x0000000008007264                TIM_ETR_SetConfig
 .text.HAL_TIMEx_MasterConfigSynchronization
                0x00000000080072a4      0x100 ./Drivers/STM32F3xx_HAL_Driver/Src/stm32f3xx_hal_tim_ex.o
                0x00000000080072a4                HAL_TIMEx_MasterConfigSynchronization
 .text.HAL_TIMEx_CommutCallback
                0x00000000080073a4       0x14 ./Drivers/STM32F3xx_HAL_Driver/Src/stm32f3xx_hal_tim_ex.o
                0x00000000080073a4                HAL_TIMEx_CommutCallback
 .text.HAL_TIMEx_BreakCallback
                0x00000000080073b8       0x14 ./Drivers/STM32F3xx_HAL_Driver/Src/stm32f3xx_hal_tim_ex.o
                0x00000000080073b8                HAL_TIMEx_BreakCallback
 .text.HAL_TIMEx_Break2Callback
                0x00000000080073cc       0x14 ./Drivers/STM32F3xx_HAL_Driver/Src/stm32f3xx_hal_tim_ex.o
                0x00000000080073cc                HAL_TIMEx_Break2Callback
 .text.USB_EnableGlobalInt
                0x00000000080073e0       0x2e ./Drivers/STM32F3xx_HAL_Driver/Src/stm32f3xx_ll_usb.o
                0x00000000080073e0                USB_EnableGlobalInt
 .text.USB_DisableGlobalInt
                0x000000000800740e       0x36 ./Drivers/STM32F3xx_HAL_Driver/Src/stm32f3xx_ll_usb.o
                0x000000000800740e                USB_DisableGlobalInt
 .text.USB_DevInit
                0x0000000008007444       0x42 ./Drivers/STM32F3xx_HAL_Driver/Src/stm32f3xx_ll_usb.o
                0x0000000008007444                USB_DevInit
 *fill*         0x0000000008007486        0x2 
 .text.USB_ActivateEndpoint
                0x0000000008007488      0x788 ./Drivers/STM32F3xx_HAL_Driver/Src/stm32f3xx_ll_usb.o
                0x0000000008007488                USB_ActivateEndpoint
 .text.USB_DeactivateEndpoint
                0x0000000008007c10      0x3da ./Drivers/STM32F3xx_HAL_Driver/Src/stm32f3xx_ll_usb.o
                0x0000000008007c10                USB_DeactivateEndpoint
 .text.USB_EPStartXfer
                0x0000000008007fea     0x1762 ./Drivers/STM32F3xx_HAL_Driver/Src/stm32f3xx_ll_usb.o
                0x0000000008007fea                USB_EPStartXfer
 .text.USB_EPSetStall
                0x000000000800974c       0xa2 ./Drivers/STM32F3xx_HAL_Driver/Src/stm32f3xx_ll_usb.o
                0x000000000800974c                USB_EPSetStall
 .text.USB_EPClearStall
                0x00000000080097ee      0x15c ./Drivers/STM32F3xx_HAL_Driver/Src/stm32f3xx_ll_usb.o
                0x00000000080097ee                USB_EPClearStall
 .text.USB_SetDevAddress
                0x000000000800994a       0x28 ./Drivers/STM32F3xx_HAL_Driver/Src/stm32f3xx_ll_usb.o
                0x000000000800994a                USB_SetDevAddress
 .text.USB_DevConnect
                0x0000000008009972       0x16 ./Drivers/STM32F3xx_HAL_Driver/Src/stm32f3xx_ll_usb.o
                0x0000000008009972                USB_DevConnect
 .text.USB_ReadInterrupts
                0x0000000008009988       0x20 ./Drivers/STM32F3xx_HAL_Driver/Src/stm32f3xx_ll_usb.o
                0x0000000008009988                USB_ReadInterrupts
 .text.USB_WritePMA
                0x00000000080099a8       0x8c ./Drivers/STM32F3xx_HAL_Driver/Src/stm32f3xx_ll_usb.o
                0x00000000080099a8                USB_WritePMA
 .text.USB_ReadPMA
                0x0000000008009a34       0xa0 ./Drivers/STM32F3xx_HAL_Driver/Src/stm32f3xx_ll_usb.o
                0x0000000008009a34                USB_ReadPMA
 .text.USBD_CDC_Init
                0x0000000008009ad4       0xf4 ./Middlewares/ST/STM32_USB_Device_Library/Class/CDC/Src/usbd_cdc.o
 .text.USBD_CDC_DeInit
                0x0000000008009bc8       0x6e ./Middlewares/ST/STM32_USB_Device_Library/Class/CDC/Src/usbd_cdc.o
 .text.USBD_CDC_Setup
                0x0000000008009c36      0x146 ./Middlewares/ST/STM32_USB_Device_Library/Class/CDC/Src/usbd_cdc.o
 .text.USBD_CDC_DataIn
                0x0000000008009d7c       0xa6 ./Middlewares/ST/STM32_USB_Device_Library/Class/CDC/Src/usbd_cdc.o
 .text.USBD_CDC_DataOut
                0x0000000008009e22       0x56 ./Middlewares/ST/STM32_USB_Device_Library/Class/CDC/Src/usbd_cdc.o
 .text.USBD_CDC_EP0_RxReady
                0x0000000008009e78       0x50 ./Middlewares/ST/STM32_USB_Device_Library/Class/CDC/Src/usbd_cdc.o
 .text.USBD_CDC_GetFSCfgDesc
                0x0000000008009ec8       0x20 ./Middlewares/ST/STM32_USB_Device_Library/Class/CDC/Src/usbd_cdc.o
 .text.USBD_CDC_GetHSCfgDesc
                0x0000000008009ee8       0x20 ./Middlewares/ST/STM32_USB_Device_Library/Class/CDC/Src/usbd_cdc.o
 .text.USBD_CDC_GetOtherSpeedCfgDesc
                0x0000000008009f08       0x20 ./Middlewares/ST/STM32_USB_Device_Library/Class/CDC/Src/usbd_cdc.o
 .text.USBD_CDC_GetDeviceQualifierDescriptor
                0x0000000008009f28       0x20 ./Middlewares/ST/STM32_USB_Device_Library/Class/CDC/Src/usbd_cdc.o
                0x0000000008009f28                USBD_CDC_GetDeviceQualifierDescriptor
 .text.USBD_CDC_RegisterInterface
                0x0000000008009f48       0x2e ./Middlewares/ST/STM32_USB_Device_Library/Class/CDC/Src/usbd_cdc.o
                0x0000000008009f48                USBD_CDC_RegisterInterface
 .text.USBD_CDC_SetTxBuffer
                0x0000000008009f76       0x34 ./Middlewares/ST/STM32_USB_Device_Library/Class/CDC/Src/usbd_cdc.o
                0x0000000008009f76                USBD_CDC_SetTxBuffer
 .text.USBD_CDC_SetRxBuffer
                0x0000000008009faa       0x28 ./Middlewares/ST/STM32_USB_Device_Library/Class/CDC/Src/usbd_cdc.o
                0x0000000008009faa                USBD_CDC_SetRxBuffer
 .text.USBD_CDC_ReceivePacket
                0x0000000008009fd2       0x54 ./Middlewares/ST/STM32_USB_Device_Library/Class/CDC/Src/usbd_cdc.o
                0x0000000008009fd2                USBD_CDC_ReceivePacket
 .text.USBD_Init
                0x000000000800a026       0x56 ./Middlewares/ST/STM32_USB_Device_Library/Core/Src/usbd_core.o
                0x000000000800a026                USBD_Init
 .text.USBD_RegisterClass
                0x000000000800a07c       0x34 ./Middlewares/ST/STM32_USB_Device_Library/Core/Src/usbd_core.o
                0x000000000800a07c                USBD_RegisterClass
 .text.USBD_Start
                0x000000000800a0b0       0x18 ./Middlewares/ST/STM32_USB_Device_Library/Core/Src/usbd_core.o
                0x000000000800a0b0                USBD_Start
 .text.USBD_RunTestMode
                0x000000000800a0c8       0x16 ./Middlewares/ST/STM32_USB_Device_Library/Core/Src/usbd_core.o
                0x000000000800a0c8                USBD_RunTestMode
 .text.USBD_SetClassConfig
                0x000000000800a0de       0x3e ./Middlewares/ST/STM32_USB_Device_Library/Core/Src/usbd_core.o
                0x000000000800a0de                USBD_SetClassConfig
 .text.USBD_ClrClassConfig
                0x000000000800a11c       0x26 ./Middlewares/ST/STM32_USB_Device_Library/Core/Src/usbd_core.o
                0x000000000800a11c                USBD_ClrClassConfig
 .text.USBD_LL_SetupStage
                0x000000000800a142       0x9a ./Middlewares/ST/STM32_USB_Device_Library/Core/Src/usbd_core.o
                0x000000000800a142                USBD_LL_SetupStage
 .text.USBD_LL_DataOutStage
                0x000000000800a1dc       0xe2 ./Middlewares/ST/STM32_USB_Device_Library/Core/Src/usbd_core.o
                0x000000000800a1dc                USBD_LL_DataOutStage
 .text.USBD_LL_DataInStage
                0x000000000800a2be      0x14a ./Middlewares/ST/STM32_USB_Device_Library/Core/Src/usbd_core.o
                0x000000000800a2be                USBD_LL_DataInStage
 .text.USBD_LL_Reset
                0x000000000800a408       0x82 ./Middlewares/ST/STM32_USB_Device_Library/Core/Src/usbd_core.o
                0x000000000800a408                USBD_LL_Reset
 .text.USBD_LL_SetSpeed
                0x000000000800a48a       0x20 ./Middlewares/ST/STM32_USB_Device_Library/Core/Src/usbd_core.o
                0x000000000800a48a                USBD_LL_SetSpeed
 .text.USBD_LL_Suspend
                0x000000000800a4aa       0x2a ./Middlewares/ST/STM32_USB_Device_Library/Core/Src/usbd_core.o
                0x000000000800a4aa                USBD_LL_Suspend
 .text.USBD_LL_Resume
                0x000000000800a4d4       0x2c ./Middlewares/ST/STM32_USB_Device_Library/Core/Src/usbd_core.o
                0x000000000800a4d4                USBD_LL_Resume
 .text.USBD_LL_SOF
                0x000000000800a500       0x34 ./Middlewares/ST/STM32_USB_Device_Library/Core/Src/usbd_core.o
                0x000000000800a500                USBD_LL_SOF
 .text.USBD_StdDevReq
                0x000000000800a534       0xd4 ./Middlewares/ST/STM32_USB_Device_Library/Core/Src/usbd_ctlreq.o
                0x000000000800a534                USBD_StdDevReq
 .text.USBD_StdItfReq
                0x000000000800a608       0x90 ./Middlewares/ST/STM32_USB_Device_Library/Core/Src/usbd_ctlreq.o
                0x000000000800a608                USBD_StdItfReq
 .text.USBD_StdEPReq
                0x000000000800a698      0x2c6 ./Middlewares/ST/STM32_USB_Device_Library/Core/Src/usbd_ctlreq.o
                0x000000000800a698                USBD_StdEPReq
 *fill*         0x000000000800a95e        0x2 
 .text.USBD_GetDescriptor
                0x000000000800a960      0x2d0 ./Middlewares/ST/STM32_USB_Device_Library/Core/Src/usbd_ctlreq.o
 .text.USBD_SetAddress
                0x000000000800ac30       0x86 ./Middlewares/ST/STM32_USB_Device_Library/Core/Src/usbd_ctlreq.o
 *fill*         0x000000000800acb6        0x2 
 .text.USBD_SetConfig
                0x000000000800acb8      0x11c ./Middlewares/ST/STM32_USB_Device_Library/Core/Src/usbd_ctlreq.o
 .text.USBD_GetConfig
                0x000000000800add4       0x6a ./Middlewares/ST/STM32_USB_Device_Library/Core/Src/usbd_ctlreq.o
 .text.USBD_GetStatus
                0x000000000800ae3e       0x66 ./Middlewares/ST/STM32_USB_Device_Library/Core/Src/usbd_ctlreq.o
 .text.USBD_SetFeature
                0x000000000800aea4       0x28 ./Middlewares/ST/STM32_USB_Device_Library/Core/Src/usbd_ctlreq.o
 .text.USBD_ClrFeature
                0x000000000800aecc       0x42 ./Middlewares/ST/STM32_USB_Device_Library/Core/Src/usbd_ctlreq.o
 .text.USBD_ParseSetupRequest
                0x000000000800af0e       0x7a ./Middlewares/ST/STM32_USB_Device_Library/Core/Src/usbd_ctlreq.o
                0x000000000800af0e                USBD_ParseSetupRequest
 .text.USBD_CtlError
                0x000000000800af88       0x22 ./Middlewares/ST/STM32_USB_Device_Library/Core/Src/usbd_ctlreq.o
                0x000000000800af88                USBD_CtlError
 .text.USBD_GetString
                0x000000000800afaa       0x84 ./Middlewares/ST/STM32_USB_Device_Library/Core/Src/usbd_ctlreq.o
                0x000000000800afaa                USBD_GetString
 .text.USBD_GetLen
                0x000000000800b02e       0x30 ./Middlewares/ST/STM32_USB_Device_Library/Core/Src/usbd_ctlreq.o
 .text.USBD_CtlSendData
                0x000000000800b05e       0x38 ./Middlewares/ST/STM32_USB_Device_Library/Core/Src/usbd_ioreq.o
                0x000000000800b05e                USBD_CtlSendData
 .text.USBD_CtlContinueSendData
                0x000000000800b096       0x24 ./Middlewares/ST/STM32_USB_Device_Library/Core/Src/usbd_ioreq.o
                0x000000000800b096                USBD_CtlContinueSendData
 .text.USBD_CtlPrepareRx
                0x000000000800b0ba       0x3c ./Middlewares/ST/STM32_USB_Device_Library/Core/Src/usbd_ioreq.o
                0x000000000800b0ba                USBD_CtlPrepareRx
 .text.USBD_CtlContinueRx
                0x000000000800b0f6       0x24 ./Middlewares/ST/STM32_USB_Device_Library/Core/Src/usbd_ioreq.o
                0x000000000800b0f6                USBD_CtlContinueRx
 .text.USBD_CtlSendStatus
                0x000000000800b11a       0x26 ./Middlewares/ST/STM32_USB_Device_Library/Core/Src/usbd_ioreq.o
                0x000000000800b11a                USBD_CtlSendStatus
 .text.USBD_CtlReceiveStatus
                0x000000000800b140       0x26 ./Middlewares/ST/STM32_USB_Device_Library/Core/Src/usbd_ioreq.o
                0x000000000800b140                USBD_CtlReceiveStatus
 *fill*         0x000000000800b166        0x2 
 .text.MX_USB_DEVICE_Init
                0x000000000800b168       0x60 ./USB_DEVICE/App/usb_device.o
                0x000000000800b168                MX_USB_DEVICE_Init
 .text.CDC_Init_FS
                0x000000000800b1c8       0x28 ./USB_DEVICE/App/usbd_cdc_if.o
 .text.CDC_DeInit_FS
                0x000000000800b1f0       0x10 ./USB_DEVICE/App/usbd_cdc_if.o
 .text.CDC_Control_FS
                0x000000000800b200       0xbc ./USB_DEVICE/App/usbd_cdc_if.o
 .text.CDC_Receive_FS
                0x000000000800b2bc       0x28 ./USB_DEVICE/App/usbd_cdc_if.o
 .text.USBD_FS_DeviceDescriptor
                0x000000000800b2e4       0x24 ./USB_DEVICE/App/usbd_desc.o
                0x000000000800b2e4                USBD_FS_DeviceDescriptor
 .text.USBD_FS_LangIDStrDescriptor
                0x000000000800b308       0x24 ./USB_DEVICE/App/usbd_desc.o
                0x000000000800b308                USBD_FS_LangIDStrDescriptor
 .text.USBD_FS_ProductStrDescriptor
                0x000000000800b32c       0x3c ./USB_DEVICE/App/usbd_desc.o
                0x000000000800b32c                USBD_FS_ProductStrDescriptor
 .text.USBD_FS_ManufacturerStrDescriptor
                0x000000000800b368       0x28 ./USB_DEVICE/App/usbd_desc.o
                0x000000000800b368                USBD_FS_ManufacturerStrDescriptor
 .text.USBD_FS_SerialStrDescriptor
                0x000000000800b390       0x24 ./USB_DEVICE/App/usbd_desc.o
                0x000000000800b390                USBD_FS_SerialStrDescriptor
 .text.USBD_FS_ConfigStrDescriptor
                0x000000000800b3b4       0x3c ./USB_DEVICE/App/usbd_desc.o
                0x000000000800b3b4                USBD_FS_ConfigStrDescriptor
 .text.USBD_FS_InterfaceStrDescriptor
                0x000000000800b3f0       0x3c ./USB_DEVICE/App/usbd_desc.o
                0x000000000800b3f0                USBD_FS_InterfaceStrDescriptor
 .text.Get_SerialNum
                0x000000000800b42c       0x58 ./USB_DEVICE/App/usbd_desc.o
 .text.IntToUnicode
                0x000000000800b484       0x7e ./USB_DEVICE/App/usbd_desc.o
 *fill*         0x000000000800b502        0x2 
 .text.HAL_PCD_MspInit
                0x000000000800b504       0x98 ./USB_DEVICE/Target/usbd_conf.o
                0x000000000800b504                HAL_PCD_MspInit
 .text.HAL_PCD_SetupStageCallback
                0x000000000800b59c       0x24 ./USB_DEVICE/Target/usbd_conf.o
                0x000000000800b59c                HAL_PCD_SetupStageCallback
 .text.HAL_PCD_DataOutStageCallback
                0x000000000800b5c0       0x36 ./USB_DEVICE/Target/usbd_conf.o
                0x000000000800b5c0                HAL_PCD_DataOutStageCallback
 .text.HAL_PCD_DataInStageCallback
                0x000000000800b5f6       0x34 ./USB_DEVICE/Target/usbd_conf.o
                0x000000000800b5f6                HAL_PCD_DataInStageCallback
 .text.HAL_PCD_SOFCallback
                0x000000000800b62a       0x1c ./USB_DEVICE/Target/usbd_conf.o
                0x000000000800b62a                HAL_PCD_SOFCallback
 .text.HAL_PCD_ResetCallback
                0x000000000800b646       0x3c ./USB_DEVICE/Target/usbd_conf.o
                0x000000000800b646                HAL_PCD_ResetCallback
 *fill*         0x000000000800b682        0x2 
 .text.HAL_PCD_SuspendCallback
                0x000000000800b684       0x34 ./USB_DEVICE/Target/usbd_conf.o
                0x000000000800b684                HAL_PCD_SuspendCallback
 .text.HAL_PCD_ResumeCallback
                0x000000000800b6b8       0x1c ./USB_DEVICE/Target/usbd_conf.o
                0x000000000800b6b8                HAL_PCD_ResumeCallback
 .text.USBD_LL_Init
                0x000000000800b6d4       0xb4 ./USB_DEVICE/Target/usbd_conf.o
                0x000000000800b6d4                USBD_LL_Init
 .text.USBD_LL_Start
                0x000000000800b788       0x36 ./USB_DEVICE/Target/usbd_conf.o
                0x000000000800b788                USBD_LL_Start
 .text.USBD_LL_OpenEP
                0x000000000800b7be       0x4c ./USB_DEVICE/Target/usbd_conf.o
                0x000000000800b7be                USBD_LL_OpenEP
 .text.USBD_LL_CloseEP
                0x000000000800b80a       0x3e ./USB_DEVICE/Target/usbd_conf.o
                0x000000000800b80a                USBD_LL_CloseEP
 .text.USBD_LL_StallEP
                0x000000000800b848       0x3e ./USB_DEVICE/Target/usbd_conf.o
                0x000000000800b848                USBD_LL_StallEP
 .text.USBD_LL_ClearStallEP
                0x000000000800b886       0x3e ./USB_DEVICE/Target/usbd_conf.o
                0x000000000800b886                USBD_LL_ClearStallEP
 .text.USBD_LL_IsStallEP
                0x000000000800b8c4       0x5a ./USB_DEVICE/Target/usbd_conf.o
                0x000000000800b8c4                USBD_LL_IsStallEP
 .text.USBD_LL_SetUSBAddress
                0x000000000800b91e       0x3e ./USB_DEVICE/Target/usbd_conf.o
                0x000000000800b91e                USBD_LL_SetUSBAddress
 .text.USBD_LL_Transmit
                0x000000000800b95c       0x46 ./USB_DEVICE/Target/usbd_conf.o
                0x000000000800b95c                USBD_LL_Transmit
 .text.USBD_LL_PrepareReceive
                0x000000000800b9a2       0x46 ./USB_DEVICE/Target/usbd_conf.o
                0x000000000800b9a2                USBD_LL_PrepareReceive
 .text.USBD_LL_GetRxDataSize
                0x000000000800b9e8       0x26 ./USB_DEVICE/Target/usbd_conf.o
                0x000000000800b9e8                USBD_LL_GetRxDataSize
 *fill*         0x000000000800ba0e        0x2 
 .text.USBD_static_malloc
                0x000000000800ba10       0x1c ./USB_DEVICE/Target/usbd_conf.o
                0x000000000800ba10                USBD_static_malloc
 .text.USBD_static_free
                0x000000000800ba2c       0x14 ./USB_DEVICE/Target/usbd_conf.o
                0x000000000800ba2c                USBD_static_free
 .text.HAL_PCDEx_SetConnectionState
                0x000000000800ba40       0x18 ./USB_DEVICE/Target/usbd_conf.o
                0x000000000800ba40                HAL_PCDEx_SetConnectionState
 .text.USBD_Get_USB_Status
                0x000000000800ba58       0x58 ./USB_DEVICE/Target/usbd_conf.o
 .text.__libc_init_array
                0x000000000800bab0       0x48 /Applications/STM32CubeIDE.app/Contents/Eclipse/plugins/com.st.stm32cube.ide.mcu.externaltools.gnu-tools-for-stm32.10.3-2021.10.macos64_1.0.200.202301161003/tools/bin/../lib/gcc/arm-none-eabi/10.3.1/../../../../arm-none-eabi/lib/thumb/v7e-m+fp/hard/libc_nano.a(lib_a-init.o)
                0x000000000800bab0                __libc_init_array
 .text.memset   0x000000000800baf8       0x10 /Applications/STM32CubeIDE.app/Contents/Eclipse/plugins/com.st.stm32cube.ide.mcu.externaltools.gnu-tools-for-stm32.10.3-2021.10.macos64_1.0.200.202301161003/tools/bin/../lib/gcc/arm-none-eabi/10.3.1/../../../../arm-none-eabi/lib/thumb/v7e-m+fp/hard/libc_nano.a(lib_a-memset.o)
                0x000000000800baf8                memset
 *(.glue_7)
 .glue_7        0x000000000800bb08        0x0 linker stubs
 *(.glue_7t)
 .glue_7t       0x000000000800bb08        0x0 linker stubs
 *(.eh_frame)
 .eh_frame      0x000000000800bb08        0x0 /Applications/STM32CubeIDE.app/Contents/Eclipse/plugins/com.st.stm32cube.ide.mcu.externaltools.gnu-tools-for-stm32.10.3-2021.10.macos64_1.0.200.202301161003/tools/bin/../lib/gcc/arm-none-eabi/10.3.1/thumb/v7e-m+fp/hard/crtbegin.o
 *(.init)
 .init          0x000000000800bb08        0x4 /Applications/STM32CubeIDE.app/Contents/Eclipse/plugins/com.st.stm32cube.ide.mcu.externaltools.gnu-tools-for-stm32.10.3-2021.10.macos64_1.0.200.202301161003/tools/bin/../lib/gcc/arm-none-eabi/10.3.1/thumb/v7e-m+fp/hard/crti.o
                0x000000000800bb08                _init
 .init          0x000000000800bb0c        0x8 /Applications/STM32CubeIDE.app/Contents/Eclipse/plugins/com.st.stm32cube.ide.mcu.externaltools.gnu-tools-for-stm32.10.3-2021.10.macos64_1.0.200.202301161003/tools/bin/../lib/gcc/arm-none-eabi/10.3.1/thumb/v7e-m+fp/hard/crtn.o
 *(.fini)
 .fini          0x000000000800bb14        0x4 /Applications/STM32CubeIDE.app/Contents/Eclipse/plugins/com.st.stm32cube.ide.mcu.externaltools.gnu-tools-for-stm32.10.3-2021.10.macos64_1.0.200.202301161003/tools/bin/../lib/gcc/arm-none-eabi/10.3.1/thumb/v7e-m+fp/hard/crti.o
                0x000000000800bb14                _fini
 .fini          0x000000000800bb18        0x8 /Applications/STM32CubeIDE.app/Contents/Eclipse/plugins/com.st.stm32cube.ide.mcu.externaltools.gnu-tools-for-stm32.10.3-2021.10.macos64_1.0.200.202301161003/tools/bin/../lib/gcc/arm-none-eabi/10.3.1/thumb/v7e-m+fp/hard/crtn.o
                0x000000000800bb20                . = ALIGN (0x4)
                0x000000000800bb20                _etext = .

.vfp11_veneer   0x000000000800bb20        0x0
 .vfp11_veneer  0x000000000800bb20        0x0 linker stubs

.v4_bx          0x000000000800bb20        0x0
 .v4_bx         0x000000000800bb20        0x0 linker stubs

.iplt           0x000000000800bb20        0x0
 .iplt          0x000000000800bb20        0x0 /Applications/STM32CubeIDE.app/Contents/Eclipse/plugins/com.st.stm32cube.ide.mcu.externaltools.gnu-tools-for-stm32.10.3-2021.10.macos64_1.0.200.202301161003/tools/bin/../lib/gcc/arm-none-eabi/10.3.1/thumb/v7e-m+fp/hard/crtbegin.o

.rodata         0x000000000800bb20       0x78
                0x000000000800bb20                . = ALIGN (0x4)
 *(.rodata)
 .rodata        0x000000000800bb20       0x46 ./USB_DEVICE/App/usbd_desc.o
 *(.rodata*)
 *fill*         0x000000000800bb66        0x2 
 .rodata.AHBPrescTable
                0x000000000800bb68       0x10 ./Core/Src/system_stm32f3xx.o
                0x000000000800bb68                AHBPrescTable
 .rodata.aPLLMULFactorTable
                0x000000000800bb78       0x10 ./Drivers/STM32F3xx_HAL_Driver/Src/stm32f3xx_hal_rcc.o
 .rodata.aPredivFactorTable
                0x000000000800bb88       0x10 ./Drivers/STM32F3xx_HAL_Driver/Src/stm32f3xx_hal_rcc.o
                0x000000000800bb98                . = ALIGN (0x4)

.rel.dyn        0x000000000800bb98        0x0
 .rel.iplt      0x000000000800bb98        0x0 /Applications/STM32CubeIDE.app/Contents/Eclipse/plugins/com.st.stm32cube.ide.mcu.externaltools.gnu-tools-for-stm32.10.3-2021.10.macos64_1.0.200.202301161003/tools/bin/../lib/gcc/arm-none-eabi/10.3.1/thumb/v7e-m+fp/hard/crtbegin.o

.ARM.extab      0x000000000800bb98        0x0
                0x000000000800bb98                . = ALIGN (0x4)
 *(.ARM.extab* .gnu.linkonce.armextab.*)
                0x000000000800bb98                . = ALIGN (0x4)

.ARM            0x000000000800bb98        0x0
                0x000000000800bb98                . = ALIGN (0x4)
                0x000000000800bb98                __exidx_start = .
 *(.ARM.exidx*)
                0x000000000800bb98                __exidx_end = .
                0x000000000800bb98                . = ALIGN (0x4)

.preinit_array  0x000000000800bb98        0x0
                0x000000000800bb98                . = ALIGN (0x4)
                0x000000000800bb98                PROVIDE (__preinit_array_start = .)
 *(.preinit_array*)
                0x000000000800bb98                PROVIDE (__preinit_array_end = .)
                0x000000000800bb98                . = ALIGN (0x4)

.init_array     0x000000000800bb98        0x4
                0x000000000800bb98                . = ALIGN (0x4)
                0x000000000800bb98                PROVIDE (__init_array_start = .)
 *(SORT_BY_NAME(.init_array.*))
 *(.init_array*)
 .init_array    0x000000000800bb98        0x4 /Applications/STM32CubeIDE.app/Contents/Eclipse/plugins/com.st.stm32cube.ide.mcu.externaltools.gnu-tools-for-stm32.10.3-2021.10.macos64_1.0.200.202301161003/tools/bin/../lib/gcc/arm-none-eabi/10.3.1/thumb/v7e-m+fp/hard/crtbegin.o
                0x000000000800bb9c                PROVIDE (__init_array_end = .)
                0x000000000800bb9c                . = ALIGN (0x4)

.fini_array     0x000000000800bb9c        0x4
                0x000000000800bb9c                . = ALIGN (0x4)
                [!provide]                        PROVIDE (__fini_array_start = .)
 *(SORT_BY_NAME(.fini_array.*))
 *(.fini_array*)
 .fini_array    0x000000000800bb9c        0x4 /Applications/STM32CubeIDE.app/Contents/Eclipse/plugins/com.st.stm32cube.ide.mcu.externaltools.gnu-tools-for-stm32.10.3-2021.10.macos64_1.0.200.202301161003/tools/bin/../lib/gcc/arm-none-eabi/10.3.1/thumb/v7e-m+fp/hard/crtbegin.o
                [!provide]                        PROVIDE (__fini_array_end = .)
                0x000000000800bba0                . = ALIGN (0x4)
                0x000000000800bba0                _sidata = LOADADDR (.data)

.data           0x0000000020000000      0x190 load address 0x000000000800bba0
                0x0000000020000000                . = ALIGN (0x4)
                0x0000000020000000                _sdata = .
 *(.data)
 *(.data*)
 .data.g_adc1_rank1_intern_sense_data
                0x0000000020000000        0x2 ./Core/Src/main.o
                0x0000000020000000                g_adc1_rank1_intern_sense_data
 .data.g_adc4_rank2_48v_sense_data
                0x0000000020000002        0x2 ./Core/Src/main.o
                0x0000000020000002                g_adc4_rank2_48v_sense_data
 .data.hadc1_number_of_channels.3
                0x0000000020000004        0x4 ./Core/Src/main.o
 .data.hadc2_number_of_channels.2
                0x0000000020000008        0x4 ./Core/Src/main.o
 .data.hadc3_number_of_channels.1
                0x000000002000000c        0x4 ./Core/Src/main.o
 .data.hadc4_number_of_channels.0
                0x0000000020000010        0x4 ./Core/Src/main.o
 .data.SystemCoreClock
                0x0000000020000014        0x4 ./Core/Src/system_stm32f3xx.o
                0x0000000020000014                SystemCoreClock
 .data.uwTickPrio
                0x0000000020000018        0x4 ./Drivers/STM32F3xx_HAL_Driver/Src/stm32f3xx_hal.o
                0x0000000020000018                uwTickPrio
 .data.uwTickFreq
                0x000000002000001c        0x1 ./Drivers/STM32F3xx_HAL_Driver/Src/stm32f3xx_hal.o
                0x000000002000001c                uwTickFreq
 *fill*         0x000000002000001d        0x3 
 .data.USBD_CDC_DeviceQualifierDesc
                0x0000000020000020        0xa ./Middlewares/ST/STM32_USB_Device_Library/Class/CDC/Src/usbd_cdc.o
 *fill*         0x000000002000002a        0x2 
 .data.USBD_CDC
                0x000000002000002c       0x38 ./Middlewares/ST/STM32_USB_Device_Library/Class/CDC/Src/usbd_cdc.o
                0x000000002000002c                USBD_CDC
 .data.USBD_CDC_CfgHSDesc
                0x0000000020000064       0x43 ./Middlewares/ST/STM32_USB_Device_Library/Class/CDC/Src/usbd_cdc.o
                0x0000000020000064                USBD_CDC_CfgHSDesc
 *fill*         0x00000000200000a7        0x1 
 .data.USBD_CDC_CfgFSDesc
                0x00000000200000a8       0x43 ./Middlewares/ST/STM32_USB_Device_Library/Class/CDC/Src/usbd_cdc.o
                0x00000000200000a8                USBD_CDC_CfgFSDesc
 *fill*         0x00000000200000eb        0x1 
 .data.USBD_CDC_OtherSpeedCfgDesc
                0x00000000200000ec       0x43 ./Middlewares/ST/STM32_USB_Device_Library/Class/CDC/Src/usbd_cdc.o
                0x00000000200000ec                USBD_CDC_OtherSpeedCfgDesc
 *fill*         0x000000002000012f        0x1 
 .data.USBD_Interface_fops_FS
                0x0000000020000130       0x10 ./USB_DEVICE/App/usbd_cdc_if.o
                0x0000000020000130                USBD_Interface_fops_FS
 .data.FS_Desc  0x0000000020000140       0x1c ./USB_DEVICE/App/usbd_desc.o
                0x0000000020000140                FS_Desc
 .data.USBD_FS_DeviceDesc
                0x000000002000015c       0x12 ./USB_DEVICE/App/usbd_desc.o
                0x000000002000015c                USBD_FS_DeviceDesc
 *fill*         0x000000002000016e        0x2 
 .data.USBD_LangIDDesc
                0x0000000020000170        0x4 ./USB_DEVICE/App/usbd_desc.o
                0x0000000020000170                USBD_LangIDDesc
 .data.USBD_StringSerial
                0x0000000020000174       0x1a ./USB_DEVICE/App/usbd_desc.o
                0x0000000020000174                USBD_StringSerial
 *(.RamFunc)
 *(.RamFunc*)
                0x0000000020000190                . = ALIGN (0x4)
 *fill*         0x000000002000018e        0x2 
                0x0000000020000190                _edata = .
                0x000000000800bd30                _siccmram = LOADADDR (.ccmram)

.igot.plt       0x0000000020000190        0x0 load address 0x000000000800bd30
 .igot.plt      0x0000000020000190        0x0 /Applications/STM32CubeIDE.app/Contents/Eclipse/plugins/com.st.stm32cube.ide.mcu.externaltools.gnu-tools-for-stm32.10.3-2021.10.macos64_1.0.200.202301161003/tools/bin/../lib/gcc/arm-none-eabi/10.3.1/thumb/v7e-m+fp/hard/crtbegin.o

.ccmram         0x0000000010000000        0x0 load address 0x000000000800bd30
                0x0000000010000000                . = ALIGN (0x4)
                0x0000000010000000                _sccmram = .
 *(.ccmram)
 *(.ccmram*)
                0x0000000010000000                . = ALIGN (0x4)
                0x0000000010000000                _eccmram = .
                0x0000000010000000                . = ALIGN (0x4)

.bss            0x0000000020000190     0x14b4
                0x0000000020000190                _sbss = .
                0x0000000020000190                __bss_start__ = _sbss
 *(.bss)
 .bss           0x0000000020000190       0x1c /Applications/STM32CubeIDE.app/Contents/Eclipse/plugins/com.st.stm32cube.ide.mcu.externaltools.gnu-tools-for-stm32.10.3-2021.10.macos64_1.0.200.202301161003/tools/bin/../lib/gcc/arm-none-eabi/10.3.1/thumb/v7e-m+fp/hard/crtbegin.o
 *(.bss*)
 .bss.hadc1     0x00000000200001ac       0x50 ./Core/Src/main.o
                0x00000000200001ac                hadc1
 .bss.hadc2     0x00000000200001fc       0x50 ./Core/Src/main.o
                0x00000000200001fc                hadc2
 .bss.hadc3     0x000000002000024c       0x50 ./Core/Src/main.o
                0x000000002000024c                hadc3
 .bss.hadc4     0x000000002000029c       0x50 ./Core/Src/main.o
                0x000000002000029c                hadc4
 .bss.hdma_adc1
                0x00000000200002ec       0x44 ./Core/Src/main.o
                0x00000000200002ec                hdma_adc1
 .bss.hdma_adc2
                0x0000000020000330       0x44 ./Core/Src/main.o
                0x0000000020000330                hdma_adc2
 .bss.hdma_adc3
                0x0000000020000374       0x44 ./Core/Src/main.o
                0x0000000020000374                hdma_adc3
 .bss.hdma_adc4
                0x00000000200003b8       0x44 ./Core/Src/main.o
                0x00000000200003b8                hdma_adc4
 .bss.htim2     0x00000000200003fc       0x4c ./Core/Src/main.o
                0x00000000200003fc                htim2
 .bss.ADC1_DMA_BUFFER
                0x0000000020000448        0x4 ./Core/Src/main.o
                0x0000000020000448                ADC1_DMA_BUFFER
 .bss.ADC2_DMA_BUFFER
                0x000000002000044c        0x4 ./Core/Src/main.o
                0x000000002000044c                ADC2_DMA_BUFFER
 .bss.ADC3_DMA_BUFFER
                0x0000000020000450        0x2 ./Core/Src/main.o
                0x0000000020000450                ADC3_DMA_BUFFER
 *fill*         0x0000000020000452        0x2 
 .bss.ADC4_DMA_BUFFER
                0x0000000020000454        0x4 ./Core/Src/main.o
                0x0000000020000454                ADC4_DMA_BUFFER
 .bss.g_adc1_rank2_12v_sense_data
                0x0000000020000458        0x2 ./Core/Src/main.o
                0x0000000020000458                g_adc1_rank2_12v_sense_data
 .bss.g_adc2_rank1_drive_1_sense_data
                0x000000002000045a        0x2 ./Core/Src/main.o
                0x000000002000045a                g_adc2_rank1_drive_1_sense_data
 .bss.g_adc2_rank2_5v_sense_data
                0x000000002000045c        0x2 ./Core/Src/main.o
                0x000000002000045c                g_adc2_rank2_5v_sense_data
 .bss.g_adc3_drive_2_sense_data
                0x000000002000045e        0x2 ./Core/Src/main.o
                0x000000002000045e                g_adc3_drive_2_sense_data
 .bss.g_adc4_rank1_arm_sense_data
                0x0000000020000460        0x2 ./Core/Src/main.o
                0x0000000020000460                g_adc4_rank1_arm_sense_data
 .bss.arm_enabled
                0x0000000020000462        0x1 ./Core/Src/main.o
                0x0000000020000462                arm_enabled
 .bss.drive_enabled
                0x0000000020000463        0x1 ./Core/Src/main.o
                0x0000000020000463                drive_enabled
 .bss.HAL_RCC_ADC12_CLK_ENABLED
                0x0000000020000464        0x4 ./Core/Src/stm32f3xx_hal_msp.o
 .bss.HAL_RCC_ADC34_CLK_ENABLED
                0x0000000020000468        0x4 ./Core/Src/stm32f3xx_hal_msp.o
 .bss.uwTick    0x000000002000046c        0x4 ./Drivers/STM32F3xx_HAL_Driver/Src/stm32f3xx_hal.o
                0x000000002000046c                uwTick
 .bss.cfgidx.0  0x0000000020000470        0x1 ./Middlewares/ST/STM32_USB_Device_Library/Core/Src/usbd_ctlreq.o
 *fill*         0x0000000020000471        0x3 
 .bss.hUsbDeviceFS
                0x0000000020000474      0x2c4 ./USB_DEVICE/App/usb_device.o
                0x0000000020000474                hUsbDeviceFS
 .bss.UserRxBufferFS
                0x0000000020000738      0x400 ./USB_DEVICE/App/usbd_cdc_if.o
                0x0000000020000738                UserRxBufferFS
 .bss.UserTxBufferFS
                0x0000000020000b38      0x400 ./USB_DEVICE/App/usbd_cdc_if.o
                0x0000000020000b38                UserTxBufferFS
 .bss.USBD_StrDesc
                0x0000000020000f38      0x200 ./USB_DEVICE/App/usbd_desc.o
                0x0000000020000f38                USBD_StrDesc
 .bss.hpcd_USB_FS
                0x0000000020001138      0x2ec ./USB_DEVICE/Target/usbd_conf.o
                0x0000000020001138                hpcd_USB_FS
 .bss.mem.0     0x0000000020001424      0x220 ./USB_DEVICE/Target/usbd_conf.o
 *(COMMON)
                0x0000000020001644                . = ALIGN (0x4)
                0x0000000020001644                _ebss = .
                0x0000000020001644                __bss_end__ = _ebss

._user_heap_stack
                0x0000000020001644      0x604
                0x0000000020001648                . = ALIGN (0x8)
 *fill*         0x0000000020001644        0x4 
                [!provide]                        PROVIDE (end = .)
                0x0000000020001648                PROVIDE (_end = .)
                0x0000000020001848                . = (. + _Min_Heap_Size)
 *fill*         0x0000000020001648      0x200 
                0x0000000020001c48                . = (. + _Min_Stack_Size)
 *fill*         0x0000000020001848      0x400 
                0x0000000020001c48                . = ALIGN (0x8)

/DISCARD/
 libc.a(*)
 libm.a(*)
 libgcc.a(*)

.ARM.attributes
                0x0000000000000000       0x30
 *(.ARM.attributes)
 .ARM.attributes
                0x0000000000000000       0x1e /Applications/STM32CubeIDE.app/Contents/Eclipse/plugins/com.st.stm32cube.ide.mcu.externaltools.gnu-tools-for-stm32.10.3-2021.10.macos64_1.0.200.202301161003/tools/bin/../lib/gcc/arm-none-eabi/10.3.1/thumb/v7e-m+fp/hard/crti.o
 .ARM.attributes
                0x000000000000001e       0x34 /Applications/STM32CubeIDE.app/Contents/Eclipse/plugins/com.st.stm32cube.ide.mcu.externaltools.gnu-tools-for-stm32.10.3-2021.10.macos64_1.0.200.202301161003/tools/bin/../lib/gcc/arm-none-eabi/10.3.1/thumb/v7e-m+fp/hard/crtbegin.o
 .ARM.attributes
                0x0000000000000052       0x34 ./Core/Src/main.o
 .ARM.attributes
                0x0000000000000086       0x34 ./Core/Src/stm32f3xx_hal_msp.o
 .ARM.attributes
                0x00000000000000ba       0x34 ./Core/Src/stm32f3xx_it.o
 .ARM.attributes
                0x00000000000000ee       0x34 ./Core/Src/system_stm32f3xx.o
 .ARM.attributes
                0x0000000000000122       0x21 ./Core/Startup/startup_stm32f303cctx.o
 .ARM.attributes
                0x0000000000000143       0x34 ./Drivers/STM32F3xx_HAL_Driver/Src/stm32f3xx_hal.o
 .ARM.attributes
                0x0000000000000177       0x34 ./Drivers/STM32F3xx_HAL_Driver/Src/stm32f3xx_hal_adc.o
 .ARM.attributes
                0x00000000000001ab       0x34 ./Drivers/STM32F3xx_HAL_Driver/Src/stm32f3xx_hal_adc_ex.o
 .ARM.attributes
                0x00000000000001df       0x34 ./Drivers/STM32F3xx_HAL_Driver/Src/stm32f3xx_hal_cortex.o
 .ARM.attributes
                0x0000000000000213       0x34 ./Drivers/STM32F3xx_HAL_Driver/Src/stm32f3xx_hal_dma.o
 .ARM.attributes
                0x0000000000000247       0x34 ./Drivers/STM32F3xx_HAL_Driver/Src/stm32f3xx_hal_gpio.o
 .ARM.attributes
                0x000000000000027b       0x34 ./Drivers/STM32F3xx_HAL_Driver/Src/stm32f3xx_hal_pcd.o
 .ARM.attributes
                0x00000000000002af       0x34 ./Drivers/STM32F3xx_HAL_Driver/Src/stm32f3xx_hal_pcd_ex.o
 .ARM.attributes
                0x00000000000002e3       0x34 ./Drivers/STM32F3xx_HAL_Driver/Src/stm32f3xx_hal_rcc.o
 .ARM.attributes
                0x0000000000000317       0x34 ./Drivers/STM32F3xx_HAL_Driver/Src/stm32f3xx_hal_rcc_ex.o
 .ARM.attributes
                0x000000000000034b       0x34 ./Drivers/STM32F3xx_HAL_Driver/Src/stm32f3xx_hal_tim.o
 .ARM.attributes
                0x000000000000037f       0x34 ./Drivers/STM32F3xx_HAL_Driver/Src/stm32f3xx_hal_tim_ex.o
 .ARM.attributes
                0x00000000000003b3       0x34 ./Drivers/STM32F3xx_HAL_Driver/Src/stm32f3xx_ll_usb.o
 .ARM.attributes
                0x00000000000003e7       0x34 ./Middlewares/ST/STM32_USB_Device_Library/Class/CDC/Src/usbd_cdc.o
 .ARM.attributes
                0x000000000000041b       0x34 ./Middlewares/ST/STM32_USB_Device_Library/Core/Src/usbd_core.o
 .ARM.attributes
                0x000000000000044f       0x34 ./Middlewares/ST/STM32_USB_Device_Library/Core/Src/usbd_ctlreq.o
 .ARM.attributes
                0x0000000000000483       0x34 ./Middlewares/ST/STM32_USB_Device_Library/Core/Src/usbd_ioreq.o
 .ARM.attributes
                0x00000000000004b7       0x34 ./USB_DEVICE/App/usb_device.o
 .ARM.attributes
                0x00000000000004eb       0x34 ./USB_DEVICE/App/usbd_cdc_if.o
 .ARM.attributes
                0x000000000000051f       0x34 ./USB_DEVICE/App/usbd_desc.o
 .ARM.attributes
                0x0000000000000553       0x34 ./USB_DEVICE/Target/usbd_conf.o
 .ARM.attributes
                0x0000000000000587       0x34 /Applications/STM32CubeIDE.app/Contents/Eclipse/plugins/com.st.stm32cube.ide.mcu.externaltools.gnu-tools-for-stm32.10.3-2021.10.macos64_1.0.200.202301161003/tools/bin/../lib/gcc/arm-none-eabi/10.3.1/../../../../arm-none-eabi/lib/thumb/v7e-m+fp/hard/libc_nano.a(lib_a-init.o)
 .ARM.attributes
                0x00000000000005bb       0x34 /Applications/STM32CubeIDE.app/Contents/Eclipse/plugins/com.st.stm32cube.ide.mcu.externaltools.gnu-tools-for-stm32.10.3-2021.10.macos64_1.0.200.202301161003/tools/bin/../lib/gcc/arm-none-eabi/10.3.1/../../../../arm-none-eabi/lib/thumb/v7e-m+fp/hard/libc_nano.a(lib_a-memset.o)
 .ARM.attributes
                0x00000000000005ef       0x1e /Applications/STM32CubeIDE.app/Contents/Eclipse/plugins/com.st.stm32cube.ide.mcu.externaltools.gnu-tools-for-stm32.10.3-2021.10.macos64_1.0.200.202301161003/tools/bin/../lib/gcc/arm-none-eabi/10.3.1/thumb/v7e-m+fp/hard/crtn.o
OUTPUT(Power_Unit_at-work_cpp_v2.elf elf32-littlearm)
LOAD linker stubs
LOAD /Applications/STM32CubeIDE.app/Contents/Eclipse/plugins/com.st.stm32cube.ide.mcu.externaltools.gnu-tools-for-stm32.10.3-2021.10.macos64_1.0.200.202301161003/tools/bin/../lib/gcc/arm-none-eabi/10.3.1/../../../../arm-none-eabi/lib/thumb/v7e-m+fp/hard/libc.a
LOAD /Applications/STM32CubeIDE.app/Contents/Eclipse/plugins/com.st.stm32cube.ide.mcu.externaltools.gnu-tools-for-stm32.10.3-2021.10.macos64_1.0.200.202301161003/tools/bin/../lib/gcc/arm-none-eabi/10.3.1/../../../../arm-none-eabi/lib/thumb/v7e-m+fp/hard/libm.a
LOAD /Applications/STM32CubeIDE.app/Contents/Eclipse/plugins/com.st.stm32cube.ide.mcu.externaltools.gnu-tools-for-stm32.10.3-2021.10.macos64_1.0.200.202301161003/tools/bin/../lib/gcc/arm-none-eabi/10.3.1/thumb/v7e-m+fp/hard/libgcc.a

.debug_info     0x0000000000000000    0x1751a
 .debug_info    0x0000000000000000     0x1909 ./Core/Src/main.o
 .debug_info    0x0000000000001909     0x1173 ./Core/Src/stm32f3xx_hal_msp.o
 .debug_info    0x0000000000002a7c     0x10c8 ./Core/Src/stm32f3xx_it.o
 .debug_info    0x0000000000003b44      0x416 ./Core/Src/system_stm32f3xx.o
 .debug_info    0x0000000000003f5a       0x22 ./Core/Startup/startup_stm32f303cctx.o
 .debug_info    0x0000000000003f7c      0x807 ./Drivers/STM32F3xx_HAL_Driver/Src/stm32f3xx_hal.o
 .debug_info    0x0000000000004783      0xb9e ./Drivers/STM32F3xx_HAL_Driver/Src/stm32f3xx_hal_adc.o
 .debug_info    0x0000000000005321     0x16d2 ./Drivers/STM32F3xx_HAL_Driver/Src/stm32f3xx_hal_adc_ex.o
 .debug_info    0x00000000000069f3      0xd85 ./Drivers/STM32F3xx_HAL_Driver/Src/stm32f3xx_hal_cortex.o
 .debug_info    0x0000000000007778      0x757 ./Drivers/STM32F3xx_HAL_Driver/Src/stm32f3xx_hal_dma.o
 .debug_info    0x0000000000007ecf      0x68a ./Drivers/STM32F3xx_HAL_Driver/Src/stm32f3xx_hal_gpio.o
 .debug_info    0x0000000000008559     0x1784 ./Drivers/STM32F3xx_HAL_Driver/Src/stm32f3xx_hal_pcd.o
 .debug_info    0x0000000000009cdd      0x70c ./Drivers/STM32F3xx_HAL_Driver/Src/stm32f3xx_hal_pcd_ex.o
 .debug_info    0x000000000000a3e9     0x1585 ./Drivers/STM32F3xx_HAL_Driver/Src/stm32f3xx_hal_rcc.o
 .debug_info    0x000000000000b96e      0x628 ./Drivers/STM32F3xx_HAL_Driver/Src/stm32f3xx_hal_rcc_ex.o
 .debug_info    0x000000000000bf96     0x2cdb ./Drivers/STM32F3xx_HAL_Driver/Src/stm32f3xx_hal_tim.o
 .debug_info    0x000000000000ec71     0x16a8 ./Drivers/STM32F3xx_HAL_Driver/Src/stm32f3xx_hal_tim_ex.o
 .debug_info    0x0000000000010319     0x16f1 ./Drivers/STM32F3xx_HAL_Driver/Src/stm32f3xx_ll_usb.o
 .debug_info    0x0000000000011a0a     0x10d5 ./Middlewares/ST/STM32_USB_Device_Library/Class/CDC/Src/usbd_cdc.o
 .debug_info    0x0000000000012adf      0xb02 ./Middlewares/ST/STM32_USB_Device_Library/Core/Src/usbd_core.o
 .debug_info    0x00000000000135e1      0x9b6 ./Middlewares/ST/STM32_USB_Device_Library/Core/Src/usbd_ctlreq.o
 .debug_info    0x0000000000013f97      0x715 ./Middlewares/ST/STM32_USB_Device_Library/Core/Src/usbd_ioreq.o
 .debug_info    0x00000000000146ac      0x679 ./USB_DEVICE/App/usb_device.o
 .debug_info    0x0000000000014d25      0x828 ./USB_DEVICE/App/usbd_cdc_if.o
 .debug_info    0x000000000001554d      0x484 ./USB_DEVICE/App/usbd_desc.o
 .debug_info    0x00000000000159d1     0x1b49 ./USB_DEVICE/Target/usbd_conf.o

.debug_abbrev   0x0000000000000000     0x3731
 .debug_abbrev  0x0000000000000000      0x303 ./Core/Src/main.o
 .debug_abbrev  0x0000000000000303      0x22b ./Core/Src/stm32f3xx_hal_msp.o
 .debug_abbrev  0x000000000000052e      0x1e4 ./Core/Src/stm32f3xx_it.o
 .debug_abbrev  0x0000000000000712      0x116 ./Core/Src/system_stm32f3xx.o
 .debug_abbrev  0x0000000000000828       0x12 ./Core/Startup/startup_stm32f303cctx.o
 .debug_abbrev  0x000000000000083a      0x20e ./Drivers/STM32F3xx_HAL_Driver/Src/stm32f3xx_hal.o
 .debug_abbrev  0x0000000000000a48      0x17a ./Drivers/STM32F3xx_HAL_Driver/Src/stm32f3xx_hal_adc.o
 .debug_abbrev  0x0000000000000bc2      0x27a ./Drivers/STM32F3xx_HAL_Driver/Src/stm32f3xx_hal_adc_ex.o
 .debug_abbrev  0x0000000000000e3c      0x316 ./Drivers/STM32F3xx_HAL_Driver/Src/stm32f3xx_hal_cortex.o
 .debug_abbrev  0x0000000000001152      0x1fe ./Drivers/STM32F3xx_HAL_Driver/Src/stm32f3xx_hal_dma.o
 .debug_abbrev  0x0000000000001350      0x1bb ./Drivers/STM32F3xx_HAL_Driver/Src/stm32f3xx_hal_gpio.o
 .debug_abbrev  0x000000000000150b      0x2c0 ./Drivers/STM32F3xx_HAL_Driver/Src/stm32f3xx_hal_pcd.o
 .debug_abbrev  0x00000000000017cb      0x17f ./Drivers/STM32F3xx_HAL_Driver/Src/stm32f3xx_hal_pcd_ex.o
 .debug_abbrev  0x000000000000194a      0x2f9 ./Drivers/STM32F3xx_HAL_Driver/Src/stm32f3xx_hal_rcc.o
 .debug_abbrev  0x0000000000001c43      0x240 ./Drivers/STM32F3xx_HAL_Driver/Src/stm32f3xx_hal_rcc_ex.o
 .debug_abbrev  0x0000000000001e83      0x264 ./Drivers/STM32F3xx_HAL_Driver/Src/stm32f3xx_hal_tim.o
 .debug_abbrev  0x00000000000020e7      0x26c ./Drivers/STM32F3xx_HAL_Driver/Src/stm32f3xx_hal_tim_ex.o
 .debug_abbrev  0x0000000000002353      0x22f ./Drivers/STM32F3xx_HAL_Driver/Src/stm32f3xx_ll_usb.o
 .debug_abbrev  0x0000000000002582      0x2c0 ./Middlewares/ST/STM32_USB_Device_Library/Class/CDC/Src/usbd_cdc.o
 .debug_abbrev  0x0000000000002842      0x236 ./Middlewares/ST/STM32_USB_Device_Library/Core/Src/usbd_core.o
 .debug_abbrev  0x0000000000002a78      0x257 ./Middlewares/ST/STM32_USB_Device_Library/Core/Src/usbd_ctlreq.o
 .debug_abbrev  0x0000000000002ccf      0x183 ./Middlewares/ST/STM32_USB_Device_Library/Core/Src/usbd_ioreq.o
 .debug_abbrev  0x0000000000002e52      0x183 ./USB_DEVICE/App/usb_device.o
 .debug_abbrev  0x0000000000002fd5      0x252 ./USB_DEVICE/App/usbd_cdc_if.o
 .debug_abbrev  0x0000000000003227      0x1fa ./USB_DEVICE/App/usbd_desc.o
 .debug_abbrev  0x0000000000003421      0x310 ./USB_DEVICE/Target/usbd_conf.o

.debug_aranges  0x0000000000000000     0x1318
 .debug_aranges
                0x0000000000000000       0x90 ./Core/Src/main.o
 .debug_aranges
                0x0000000000000090       0x48 ./Core/Src/stm32f3xx_hal_msp.o
 .debug_aranges
                0x00000000000000d8       0xa8 ./Core/Src/stm32f3xx_it.o
 .debug_aranges
                0x0000000000000180       0x28 ./Core/Src/system_stm32f3xx.o
 .debug_aranges
                0x00000000000001a8       0x28 ./Core/Startup/startup_stm32f303cctx.o
 .debug_aranges
                0x00000000000001d0       0xe0 ./Drivers/STM32F3xx_HAL_Driver/Src/stm32f3xx_hal.o
 .debug_aranges
                0x00000000000002b0       0xc8 ./Drivers/STM32F3xx_HAL_Driver/Src/stm32f3xx_hal_adc.o
 .debug_aranges
                0x0000000000000378      0x168 ./Drivers/STM32F3xx_HAL_Driver/Src/stm32f3xx_hal_adc_ex.o
 .debug_aranges
                0x00000000000004e0      0x118 ./Drivers/STM32F3xx_HAL_Driver/Src/stm32f3xx_hal_cortex.o
 .debug_aranges
                0x00000000000005f8       0x88 ./Drivers/STM32F3xx_HAL_Driver/Src/stm32f3xx_hal_dma.o
 .debug_aranges
                0x0000000000000680       0x58 ./Drivers/STM32F3xx_HAL_Driver/Src/stm32f3xx_hal_gpio.o
 .debug_aranges
                0x00000000000006d8      0x140 ./Drivers/STM32F3xx_HAL_Driver/Src/stm32f3xx_hal_pcd.o
 .debug_aranges
                0x0000000000000818       0x38 ./Drivers/STM32F3xx_HAL_Driver/Src/stm32f3xx_hal_pcd_ex.o
 .debug_aranges
                0x0000000000000850       0x88 ./Drivers/STM32F3xx_HAL_Driver/Src/stm32f3xx_hal_rcc.o
 .debug_aranges
                0x00000000000008d8       0x38 ./Drivers/STM32F3xx_HAL_Driver/Src/stm32f3xx_hal_rcc_ex.o
 .debug_aranges
                0x0000000000000910      0x3e0 ./Drivers/STM32F3xx_HAL_Driver/Src/stm32f3xx_hal_tim.o
 .debug_aranges
                0x0000000000000cf0      0x178 ./Drivers/STM32F3xx_HAL_Driver/Src/stm32f3xx_hal_tim_ex.o
 .debug_aranges
                0x0000000000000e68       0xb8 ./Drivers/STM32F3xx_HAL_Driver/Src/stm32f3xx_ll_usb.o
 .debug_aranges
                0x0000000000000f20       0x90 ./Middlewares/ST/STM32_USB_Device_Library/Class/CDC/Src/usbd_cdc.o
 .debug_aranges
                0x0000000000000fb0       0xb8 ./Middlewares/ST/STM32_USB_Device_Library/Core/Src/usbd_core.o
 .debug_aranges
                0x0000000000001068       0x88 ./Middlewares/ST/STM32_USB_Device_Library/Core/Src/usbd_ctlreq.o
 .debug_aranges
                0x00000000000010f0       0x50 ./Middlewares/ST/STM32_USB_Device_Library/Core/Src/usbd_ioreq.o
 .debug_aranges
                0x0000000000001140       0x20 ./USB_DEVICE/App/usb_device.o
 .debug_aranges
                0x0000000000001160       0x40 ./USB_DEVICE/App/usbd_cdc_if.o
 .debug_aranges
                0x00000000000011a0       0x60 ./USB_DEVICE/App/usbd_desc.o
 .debug_aranges
                0x0000000000001200      0x118 ./USB_DEVICE/Target/usbd_conf.o

.debug_ranges   0x0000000000000000     0x1180
 .debug_ranges  0x0000000000000000       0x80 ./Core/Src/main.o
 .debug_ranges  0x0000000000000080       0x38 ./Core/Src/stm32f3xx_hal_msp.o
 .debug_ranges  0x00000000000000b8       0x98 ./Core/Src/stm32f3xx_it.o
 .debug_ranges  0x0000000000000150       0x18 ./Core/Src/system_stm32f3xx.o
 .debug_ranges  0x0000000000000168       0x20 ./Core/Startup/startup_stm32f303cctx.o
 .debug_ranges  0x0000000000000188       0xd0 ./Drivers/STM32F3xx_HAL_Driver/Src/stm32f3xx_hal.o
 .debug_ranges  0x0000000000000258       0xb8 ./Drivers/STM32F3xx_HAL_Driver/Src/stm32f3xx_hal_adc.o
 .debug_ranges  0x0000000000000310      0x158 ./Drivers/STM32F3xx_HAL_Driver/Src/stm32f3xx_hal_adc_ex.o
 .debug_ranges  0x0000000000000468      0x108 ./Drivers/STM32F3xx_HAL_Driver/Src/stm32f3xx_hal_cortex.o
 .debug_ranges  0x0000000000000570       0x78 ./Drivers/STM32F3xx_HAL_Driver/Src/stm32f3xx_hal_dma.o
 .debug_ranges  0x00000000000005e8       0x48 ./Drivers/STM32F3xx_HAL_Driver/Src/stm32f3xx_hal_gpio.o
 .debug_ranges  0x0000000000000630      0x130 ./Drivers/STM32F3xx_HAL_Driver/Src/stm32f3xx_hal_pcd.o
 .debug_ranges  0x0000000000000760       0x28 ./Drivers/STM32F3xx_HAL_Driver/Src/stm32f3xx_hal_pcd_ex.o
 .debug_ranges  0x0000000000000788       0x78 ./Drivers/STM32F3xx_HAL_Driver/Src/stm32f3xx_hal_rcc.o
 .debug_ranges  0x0000000000000800       0x28 ./Drivers/STM32F3xx_HAL_Driver/Src/stm32f3xx_hal_rcc_ex.o
 .debug_ranges  0x0000000000000828      0x3d0 ./Drivers/STM32F3xx_HAL_Driver/Src/stm32f3xx_hal_tim.o
 .debug_ranges  0x0000000000000bf8      0x168 ./Drivers/STM32F3xx_HAL_Driver/Src/stm32f3xx_hal_tim_ex.o
 .debug_ranges  0x0000000000000d60       0xa8 ./Drivers/STM32F3xx_HAL_Driver/Src/stm32f3xx_ll_usb.o
 .debug_ranges  0x0000000000000e08       0x80 ./Middlewares/ST/STM32_USB_Device_Library/Class/CDC/Src/usbd_cdc.o
 .debug_ranges  0x0000000000000e88       0xa8 ./Middlewares/ST/STM32_USB_Device_Library/Core/Src/usbd_core.o
 .debug_ranges  0x0000000000000f30       0x78 ./Middlewares/ST/STM32_USB_Device_Library/Core/Src/usbd_ctlreq.o
 .debug_ranges  0x0000000000000fa8       0x40 ./Middlewares/ST/STM32_USB_Device_Library/Core/Src/usbd_ioreq.o
 .debug_ranges  0x0000000000000fe8       0x10 ./USB_DEVICE/App/usb_device.o
 .debug_ranges  0x0000000000000ff8       0x30 ./USB_DEVICE/App/usbd_cdc_if.o
 .debug_ranges  0x0000000000001028       0x50 ./USB_DEVICE/App/usbd_desc.o
 .debug_ranges  0x0000000000001078      0x108 ./USB_DEVICE/Target/usbd_conf.o

.debug_macro    0x0000000000000000    0x218e0
 .debug_macro   0x0000000000000000      0x44d ./Core/Src/main.o
 .debug_macro   0x000000000000044d      0xa78 ./Core/Src/main.o
 .debug_macro   0x0000000000000ec5      0x15d ./Core/Src/main.o
 .debug_macro   0x0000000000001022       0x2e ./Core/Src/main.o
 .debug_macro   0x0000000000001050       0x28 ./Core/Src/main.o
 .debug_macro   0x0000000000001078       0x22 ./Core/Src/main.o
 .debug_macro   0x000000000000109a       0x8e ./Core/Src/main.o
 .debug_macro   0x0000000000001128       0x51 ./Core/Src/main.o
 .debug_macro   0x0000000000001179      0x103 ./Core/Src/main.o
 .debug_macro   0x000000000000127c       0x6a ./Core/Src/main.o
 .debug_macro   0x00000000000012e6      0x1df ./Core/Src/main.o
 .debug_macro   0x00000000000014c5       0x1c ./Core/Src/main.o
 .debug_macro   0x00000000000014e1       0x22 ./Core/Src/main.o
 .debug_macro   0x0000000000001503       0xd9 ./Core/Src/main.o
 .debug_macro   0x00000000000015dc     0x102d ./Core/Src/main.o
 .debug_macro   0x0000000000002609      0x11f ./Core/Src/main.o
 .debug_macro   0x0000000000002728    0x12a3a ./Core/Src/main.o
 .debug_macro   0x0000000000015162       0x6d ./Core/Src/main.o
 .debug_macro   0x00000000000151cf     0x3558 ./Core/Src/main.o
 .debug_macro   0x0000000000018727      0x174 ./Core/Src/main.o
 .debug_macro   0x000000000001889b       0x55 ./Core/Src/main.o
 .debug_macro   0x00000000000188f0      0x961 ./Core/Src/main.o
 .debug_macro   0x0000000000019251      0x5fe ./Core/Src/main.o
 .debug_macro   0x000000000001984f      0x1b5 ./Core/Src/main.o
 .debug_macro   0x0000000000019a04      0x1fb ./Core/Src/main.o
 .debug_macro   0x0000000000019bff      0x1dc ./Core/Src/main.o
 .debug_macro   0x0000000000019ddb      0x1bc ./Core/Src/main.o
 .debug_macro   0x0000000000019f97       0x30 ./Core/Src/main.o
 .debug_macro   0x0000000000019fc7       0x3c ./Core/Src/main.o
 .debug_macro   0x000000000001a003      0x235 ./Core/Src/main.o
 .debug_macro   0x000000000001a238      0x9b1 ./Core/Src/main.o
 .debug_macro   0x000000000001abe9       0x77 ./Core/Src/main.o
 .debug_macro   0x000000000001ac60       0xc5 ./Core/Src/main.o
 .debug_macro   0x000000000001ad25      0x21d ./Core/Src/main.o
 .debug_macro   0x000000000001af42      0x22c ./Core/Src/main.o
 .debug_macro   0x000000000001b16e       0x5b ./Core/Src/main.o
 .debug_macro   0x000000000001b1c9       0xa5 ./Core/Src/main.o
 .debug_macro   0x000000000001b26e       0x73 ./Core/Src/main.o
 .debug_macro   0x000000000001b2e1      0x242 ./Core/Src/main.o
 .debug_macro   0x000000000001b523       0x81 ./Core/Src/main.o
 .debug_macro   0x000000000001b5a4       0xd3 ./Core/Src/main.o
 .debug_macro   0x000000000001b677      0xa59 ./Core/Src/main.o
 .debug_macro   0x000000000001c0d0       0x89 ./Core/Src/main.o
 .debug_macro   0x000000000001c159      0x275 ./Core/Src/main.o
 .debug_macro   0x000000000001c3ce       0x7c ./Core/Src/main.o
 .debug_macro   0x000000000001c44a       0x52 ./Core/Src/main.o
 .debug_macro   0x000000000001c49c       0x1e ./Core/Src/main.o
 .debug_macro   0x000000000001c4ba       0x3c ./Core/Src/main.o
 .debug_macro   0x000000000001c4f6       0x34 ./Core/Src/main.o
 .debug_macro   0x000000000001c52a       0x16 ./Core/Src/main.o
 .debug_macro   0x000000000001c540       0x35 ./Core/Src/main.o
 .debug_macro   0x000000000001c575      0x341 ./Core/Src/main.o
 .debug_macro   0x000000000001c8b6       0x10 ./Core/Src/main.o
 .debug_macro   0x000000000001c8c6       0x16 ./Core/Src/main.o
 .debug_macro   0x000000000001c8dc       0x43 ./Core/Src/main.o
 .debug_macro   0x000000000001c91f       0x34 ./Core/Src/main.o
 .debug_macro   0x000000000001c953       0x10 ./Core/Src/main.o
 .debug_macro   0x000000000001c963       0x58 ./Core/Src/main.o
 .debug_macro   0x000000000001c9bb       0x71 ./Core/Src/main.o
 .debug_macro   0x000000000001ca2c       0x1c ./Core/Src/main.o
 .debug_macro   0x000000000001ca48      0x12a ./Core/Src/main.o
 .debug_macro   0x000000000001cb72       0x10 ./Core/Src/main.o
 .debug_macro   0x000000000001cb82       0x1c ./Core/Src/main.o
 .debug_macro   0x000000000001cb9e       0x52 ./Core/Src/main.o
 .debug_macro   0x000000000001cbf0       0x22 ./Core/Src/main.o
 .debug_macro   0x000000000001cc12       0x10 ./Core/Src/main.o
 .debug_macro   0x000000000001cc22       0x52 ./Core/Src/main.o
 .debug_macro   0x000000000001cc74       0xd5 ./Core/Src/main.o
 .debug_macro   0x000000000001cd49       0x1c ./Core/Src/main.o
 .debug_macro   0x000000000001cd65       0x3d ./Core/Src/main.o
 .debug_macro   0x000000000001cda2       0x16 ./Core/Src/main.o
 .debug_macro   0x000000000001cdb8      0x145 ./Core/Src/main.o
 .debug_macro   0x000000000001cefd       0x16 ./Core/Src/main.o
 .debug_macro   0x000000000001cf13       0x16 ./Core/Src/main.o
 .debug_macro   0x000000000001cf29       0x29 ./Core/Src/main.o
 .debug_macro   0x000000000001cf52       0x16 ./Core/Src/main.o
 .debug_macro   0x000000000001cf68       0x20 ./Core/Src/main.o
 .debug_macro   0x000000000001cf88       0x59 ./Core/Src/main.o
 .debug_macro   0x000000000001cfe1      0x1c8 ./Core/Src/main.o
 .debug_macro   0x000000000001d1a9       0x8f ./Core/Src/main.o
 .debug_macro   0x000000000001d238       0x10 ./Core/Src/main.o
 .debug_macro   0x000000000001d248       0x22 ./Core/Src/main.o
 .debug_macro   0x000000000001d26a      0x20f ./Core/Src/stm32f3xx_hal_msp.o
 .debug_macro   0x000000000001d479      0x219 ./Core/Src/stm32f3xx_it.o
 .debug_macro   0x000000000001d692      0x200 ./Core/Src/system_stm32f3xx.o
 .debug_macro   0x000000000001d892      0x224 ./Drivers/STM32F3xx_HAL_Driver/Src/stm32f3xx_hal.o
 .debug_macro   0x000000000001dab6      0x201 ./Drivers/STM32F3xx_HAL_Driver/Src/stm32f3xx_hal_adc.o
 .debug_macro   0x000000000001dcb7      0x22a ./Drivers/STM32F3xx_HAL_Driver/Src/stm32f3xx_hal_adc_ex.o
 .debug_macro   0x000000000001dee1      0x200 ./Drivers/STM32F3xx_HAL_Driver/Src/stm32f3xx_hal_cortex.o
 .debug_macro   0x000000000001e0e1      0x200 ./Drivers/STM32F3xx_HAL_Driver/Src/stm32f3xx_hal_dma.o
 .debug_macro   0x000000000001e2e1      0x207 ./Drivers/STM32F3xx_HAL_Driver/Src/stm32f3xx_hal_gpio.o
 .debug_macro   0x000000000001e4e8      0x20c ./Drivers/STM32F3xx_HAL_Driver/Src/stm32f3xx_hal_pcd.o
 .debug_macro   0x000000000001e6f4      0x200 ./Drivers/STM32F3xx_HAL_Driver/Src/stm32f3xx_hal_pcd_ex.o
 .debug_macro   0x000000000001e8f4      0x224 ./Drivers/STM32F3xx_HAL_Driver/Src/stm32f3xx_hal_rcc.o
 .debug_macro   0x000000000001eb18      0x200 ./Drivers/STM32F3xx_HAL_Driver/Src/stm32f3xx_hal_rcc_ex.o
 .debug_macro   0x000000000001ed18      0x201 ./Drivers/STM32F3xx_HAL_Driver/Src/stm32f3xx_hal_tim.o
 .debug_macro   0x000000000001ef19      0x200 ./Drivers/STM32F3xx_HAL_Driver/Src/stm32f3xx_hal_tim_ex.o
 .debug_macro   0x000000000001f119      0x200 ./Drivers/STM32F3xx_HAL_Driver/Src/stm32f3xx_ll_usb.o
 .debug_macro   0x000000000001f319      0x425 ./Middlewares/ST/STM32_USB_Device_Library/Class/CDC/Src/usbd_cdc.o
 .debug_macro   0x000000000001f73e       0x97 ./Middlewares/ST/STM32_USB_Device_Library/Class/CDC/Src/usbd_cdc.o
 .debug_macro   0x000000000001f7d5       0xfd ./Middlewares/ST/STM32_USB_Device_Library/Class/CDC/Src/usbd_cdc.o
 .debug_macro   0x000000000001f8d2       0x4f ./Middlewares/ST/STM32_USB_Device_Library/Class/CDC/Src/usbd_cdc.o
 .debug_macro   0x000000000001f921      0x40c ./Middlewares/ST/STM32_USB_Device_Library/Core/Src/usbd_core.o
 .debug_macro   0x000000000001fd2d      0x1ce ./Middlewares/ST/STM32_USB_Device_Library/Core/Src/usbd_core.o
 .debug_macro   0x000000000001fefb      0x416 ./Middlewares/ST/STM32_USB_Device_Library/Core/Src/usbd_ctlreq.o
 .debug_macro   0x0000000000020311      0x412 ./Middlewares/ST/STM32_USB_Device_Library/Core/Src/usbd_ioreq.o
 .debug_macro   0x0000000000020723      0x445 ./USB_DEVICE/App/usb_device.o
 .debug_macro   0x0000000000020b68       0x82 ./USB_DEVICE/App/usb_device.o
 .debug_macro   0x0000000000020bea       0x22 ./USB_DEVICE/App/usb_device.o
 .debug_macro   0x0000000000020c0c       0x16 ./USB_DEVICE/App/usb_device.o
 .debug_macro   0x0000000000020c22      0x430 ./USB_DEVICE/App/usbd_cdc_if.o
 .debug_macro   0x0000000000021052      0x449 ./USB_DEVICE/App/usbd_desc.o
 .debug_macro   0x000000000002149b       0x1c ./USB_DEVICE/App/usbd_desc.o
 .debug_macro   0x00000000000214b7      0x429 ./USB_DEVICE/Target/usbd_conf.o

.debug_line     0x0000000000000000    0x19720
 .debug_line    0x0000000000000000      0xec0 ./Core/Src/main.o
 .debug_line    0x0000000000000ec0      0x97e ./Core/Src/stm32f3xx_hal_msp.o
 .debug_line    0x000000000000183e      0x8fb ./Core/Src/stm32f3xx_it.o
 .debug_line    0x0000000000002139      0x7d6 ./Core/Src/system_stm32f3xx.o
 .debug_line    0x000000000000290f       0x88 ./Core/Startup/startup_stm32f303cctx.o
 .debug_line    0x0000000000002997      0xa0b ./Drivers/STM32F3xx_HAL_Driver/Src/stm32f3xx_hal.o
 .debug_line    0x00000000000033a2      0x94f ./Drivers/STM32F3xx_HAL_Driver/Src/stm32f3xx_hal_adc.o
 .debug_line    0x0000000000003cf1     0x2798 ./Drivers/STM32F3xx_HAL_Driver/Src/stm32f3xx_hal_adc_ex.o
 .debug_line    0x0000000000006489      0xcd0 ./Drivers/STM32F3xx_HAL_Driver/Src/stm32f3xx_hal_cortex.o
 .debug_line    0x0000000000007159      0xd1d ./Drivers/STM32F3xx_HAL_Driver/Src/stm32f3xx_hal_dma.o
 .debug_line    0x0000000000007e76      0xb6a ./Drivers/STM32F3xx_HAL_Driver/Src/stm32f3xx_hal_gpio.o
 .debug_line    0x00000000000089e0     0x1352 ./Drivers/STM32F3xx_HAL_Driver/Src/stm32f3xx_hal_pcd.o
 .debug_line    0x0000000000009d32      0x7d9 ./Drivers/STM32F3xx_HAL_Driver/Src/stm32f3xx_hal_pcd_ex.o
 .debug_line    0x000000000000a50b     0x13e9 ./Drivers/STM32F3xx_HAL_Driver/Src/stm32f3xx_hal_rcc.o
 .debug_line    0x000000000000b8f4      0xd74 ./Drivers/STM32F3xx_HAL_Driver/Src/stm32f3xx_hal_rcc_ex.o
 .debug_line    0x000000000000c668     0x3d6f ./Drivers/STM32F3xx_HAL_Driver/Src/stm32f3xx_hal_tim.o
 .debug_line    0x00000000000103d7     0x1af2 ./Drivers/STM32F3xx_HAL_Driver/Src/stm32f3xx_hal_tim_ex.o
 .debug_line    0x0000000000011ec9     0x1004 ./Drivers/STM32F3xx_HAL_Driver/Src/stm32f3xx_ll_usb.o
 .debug_line    0x0000000000012ecd      0xdf7 ./Middlewares/ST/STM32_USB_Device_Library/Class/CDC/Src/usbd_cdc.o
 .debug_line    0x0000000000013cc4      0xe77 ./Middlewares/ST/STM32_USB_Device_Library/Core/Src/usbd_core.o
 .debug_line    0x0000000000014b3b     0x1099 ./Middlewares/ST/STM32_USB_Device_Library/Core/Src/usbd_ctlreq.o
 .debug_line    0x0000000000015bd4      0xb0d ./Middlewares/ST/STM32_USB_Device_Library/Core/Src/usbd_ioreq.o
 .debug_line    0x00000000000166e1      0xacd ./USB_DEVICE/App/usb_device.o
 .debug_line    0x00000000000171ae      0xb15 ./USB_DEVICE/App/usbd_cdc_if.o
 .debug_line    0x0000000000017cc3      0xb96 ./USB_DEVICE/App/usbd_desc.o
 .debug_line    0x0000000000018859      0xec7 ./USB_DEVICE/Target/usbd_conf.o

.debug_str      0x0000000000000000    0xc0372
 .debug_str     0x0000000000000000    0xbbf2b ./Core/Src/main.o
                                      0xbc8a0 (size before relaxing)
 .debug_str     0x00000000000bbf2b      0x107 ./Core/Src/stm32f3xx_hal_msp.o
                                      0xb75c4 (size before relaxing)
 .debug_str     0x00000000000bc032      0x424 ./Core/Src/stm32f3xx_it.o
                                      0xb73c8 (size before relaxing)
 .debug_str     0x00000000000bc456       0xdf ./Core/Src/system_stm32f3xx.o
                                      0xb6671 (size before relaxing)
 .debug_str     0x00000000000bc535       0x36 ./Core/Startup/startup_stm32f303cctx.o
                                         0x8b (size before relaxing)
 .debug_str     0x00000000000bc56b      0x397 ./Drivers/STM32F3xx_HAL_Driver/Src/stm32f3xx_hal.o
                                      0xb6eaf (size before relaxing)
 .debug_str     0x00000000000bc902      0x1ba ./Drivers/STM32F3xx_HAL_Driver/Src/stm32f3xx_hal_adc.o
                                      0xb6c5e (size before relaxing)
 .debug_str     0x00000000000bcabc      0x6c8 ./Drivers/STM32F3xx_HAL_Driver/Src/stm32f3xx_hal_adc_ex.o
                                      0xb7377 (size before relaxing)
 .debug_str     0x00000000000bd184      0x320 ./Drivers/STM32F3xx_HAL_Driver/Src/stm32f3xx_hal_cortex.o